Jul 23 21:33:10 armin-Standard-PC-Q35-ICH9-2009 kernel: [ 6337.978755] store_message: loading out-of-tree module taints kernel.
Jul 23 21:33:10 armin-Standard-PC-Q35-ICH9-2009 kernel: [ 6337.995093] store_message: module verification failed: signature and/or required key missing - tainting kernel
Jul 23 21:33:10 armin-Standard-PC-Q35-ICH9-2009 kernel: [ 6338.033134] Initializing store_message driver...start
Jul 23 21:40:47 armin-Standard-PC-Q35-ICH9-2009 kernel: [ 6795.080831] store_message: Device opened by userprogram
Jul 23 21:47:51 armin-Standard-PC-Q35-ICH9-2009 kernel: [ 7219.011047] ------------[ cut here ]------------
Jul 23 21:47:51 armin-Standard-PC-Q35-ICH9-2009 kernel: [ 7219.011093] refcount_t: underflow; use-after-free.
Jul 23 21:47:51 armin-Standard-PC-Q35-ICH9-2009 kernel: [ 7219.013652] WARNING: CPU: 1 PID: 4845 at /build/linux-hwe-5.4-EbTAOU/linux-hwe-5.4-5.4.0/lib/refcount.c:28 refcount_warn_saturate+0x93/0x100
Jul 23 21:47:51 armin-Standard-PC-Q35-ICH9-2009 kernel: [ 7219.013652] Modules linked in: store_message(OE-) nls_iso8859_1 binfmt_misc snd_hda_codec_generic ledtrig_audio snd_hda_intel snd_intel_dspcfg snd_hda_codec snd_hda_core snd_hwdep snd_pcm edac_mce_amd snd_seq_midi snd_seq_midi_event snd_rawmidi kvm_amd virtio_gpu ccp ttm kvm snd_seq drm_kms_helper input_leds joydev snd_seq_device drm snd_timer lpc_ich fb_sys_fops snd qemu_fw_cfg syscopyarea mac_hid sysfillrect soundcore sysimgblt sch_fq_codel parport_pc ppdev sunrpc lp parport virtio_rng ip_tables x_tables autofs4 btrfs xor zstd_compress raid6_pq libcrc32c hid_generic ahci libahci usbhid hid e1000
Jul 23 21:47:51 armin-Standard-PC-Q35-ICH9-2009 kernel: [ 7219.013652] CPU: 1 PID: 4845 Comm: rmmod Tainted: G           OE     5.4.0-150-generic #167~18.04.1-Ubuntu
Jul 23 21:47:51 armin-Standard-PC-Q35-ICH9-2009 kernel: [ 7219.013652] Hardware name: QEMU Standard PC (Q35 + ICH9, 2009), BIOS 0.0.0 02/06/2015
Jul 23 21:47:51 armin-Standard-PC-Q35-ICH9-2009 kernel: [ 7219.013652] RIP: 0010:refcount_warn_saturate+0x93/0x100
Jul 23 21:47:51 armin-Standard-PC-Q35-ICH9-2009 kernel: [ 7219.013652] Code: 2c aa 6c 01 01 e8 fd 31 b6 ff 0f 0b 5d c3 80 3d 1e aa 6c 01 00 75 ab 48 c7 c7 90 79 ba 8d c6 05 0e aa 6c 01 01 e8 dd 31 b6 ff <0f> 0b 5d c3 80 3d 01 aa 6c 01 00 75 8b 48 c7 c7 f8 78 ba 8d c6 05
Jul 23 21:47:51 armin-Standard-PC-Q35-ICH9-2009 kernel: [ 7219.013652] RSP: 0018:ffffb3078062be40 EFLAGS: 00000286
Jul 23 21:47:51 armin-Standard-PC-Q35-ICH9-2009 kernel: [ 7219.013652] RAX: 0000000000000000 RBX: ffff9504b5277c18 RCX: 0000000000000006
Jul 23 21:47:51 armin-Standard-PC-Q35-ICH9-2009 kernel: [ 7219.013652] RDX: 0000000000000007 RSI: 0000000000000082 RDI: ffff9504bba9c8c0
Jul 23 21:47:51 armin-Standard-PC-Q35-ICH9-2009 kernel: [ 7219.013652] RBP: ffffb3078062be40 R08: 00000000000002c3 R09: 0000000000000004
Jul 23 21:47:51 armin-Standard-PC-Q35-ICH9-2009 kernel: [ 7219.013652] R10: ffffb3078062be20 R11: 0000000000000001 R12: 0000000000000000
Jul 23 21:47:51 armin-Standard-PC-Q35-ICH9-2009 kernel: [ 7219.013652] R13: 0000000000000000 R14: 0000000000000000 R15: 0000000000000000
Jul 23 21:47:51 armin-Standard-PC-Q35-ICH9-2009 kernel: [ 7219.013652] FS:  00007f331109c540(0000) GS:ffff9504bba80000(0000) knlGS:0000000000000000
Jul 23 21:47:51 armin-Standard-PC-Q35-ICH9-2009 kernel: [ 7219.013652] CS:  0010 DS: 0000 ES: 0000 CR0: 0000000080050033
Jul 23 21:47:51 armin-Standard-PC-Q35-ICH9-2009 kernel: [ 7219.013652] CR2: 0000561f129e02f8 CR3: 0000000176c6a000 CR4: 00000000000006e0
Jul 23 21:47:51 armin-Standard-PC-Q35-ICH9-2009 kernel: [ 7219.013652] Call Trace:
Jul 23 21:47:51 armin-Standard-PC-Q35-ICH9-2009 kernel: [ 7219.013652]  kobject_put+0x110/0x1d0
Jul 23 21:47:51 armin-Standard-PC-Q35-ICH9-2009 kernel: [ 7219.013652]  kset_unregister+0x2c/0x40
Jul 23 21:47:51 armin-Standard-PC-Q35-ICH9-2009 kernel: [ 7219.013652]  class_unregister+0x2c/0x50
Jul 23 21:47:51 armin-Standard-PC-Q35-ICH9-2009 kernel: [ 7219.013652]  class_destroy+0x1c/0x20
Jul 23 21:47:51 armin-Standard-PC-Q35-ICH9-2009 kernel: [ 7219.013652]  exit+0x36/0xdb0 [store_message]
Jul 23 21:47:51 armin-Standard-PC-Q35-ICH9-2009 kernel: [ 7219.013652]  __x64_sys_delete_module+0x146/0x290
Jul 23 21:47:51 armin-Standard-PC-Q35-ICH9-2009 kernel: [ 7219.013652]  do_syscall_64+0x57/0x190
Jul 23 21:47:51 armin-Standard-PC-Q35-ICH9-2009 kernel: [ 7219.013652]  entry_SYSCALL_64_after_hwframe+0x5c/0xc1
Jul 23 21:47:51 armin-Standard-PC-Q35-ICH9-2009 kernel: [ 7219.013652] RIP: 0033:0x7f3310bb4f47
Jul 23 21:47:51 armin-Standard-PC-Q35-ICH9-2009 kernel: [ 7219.013652] Code: 73 01 c3 48 8b 0d 41 8f 2c 00 f7 d8 64 89 01 48 83 c8 ff c3 66 2e 0f 1f 84 00 00 00 00 00 0f 1f 44 00 00 b8 b0 00 00 00 0f 05 <48> 3d 01 f0 ff ff 73 01 c3 48 8b 0d 11 8f 2c 00 f7 d8 64 89 01 48
Jul 23 21:47:51 armin-Standard-PC-Q35-ICH9-2009 kernel: [ 7219.013652] RSP: 002b:00007ffeb034de28 EFLAGS: 00000206 ORIG_RAX: 00000000000000b0
Jul 23 21:47:51 armin-Standard-PC-Q35-ICH9-2009 kernel: [ 7219.013652] RAX: ffffffffffffffda RBX: 00007ffeb034de88 RCX: 00007f3310bb4f47
Jul 23 21:47:51 armin-Standard-PC-Q35-ICH9-2009 kernel: [ 7219.013652] RDX: 000000000000000a RSI: 0000000000000800 RDI: 0000561f129d5828
Jul 23 21:47:51 armin-Standard-PC-Q35-ICH9-2009 kernel: [ 7219.013652] RBP: 0000561f129d57c0 R08: 00007ffeb034cda1 R09: 0000000000000000
Jul 23 21:47:51 armin-Standard-PC-Q35-ICH9-2009 kernel: [ 7219.013652] R10: 00007f3310c31bc0 R11: 0000000000000206 R12: 00007ffeb034e050
Jul 23 21:47:51 armin-Standard-PC-Q35-ICH9-2009 kernel: [ 7219.013652] R13: 00007ffeb034e781 R14: 0000561f129d5260 R15: 0000561f129d57c0
Jul 23 21:47:51 armin-Standard-PC-Q35-ICH9-2009 kernel: [ 7219.013652] ---[ end trace 5172b940b7f6b1f9 ]---
Jul 23 21:47:51 armin-Standard-PC-Q35-ICH9-2009 kernel: [ 7219.047215] Deloading store_message driver...done
Jul 23 21:48:49 armin-Standard-PC-Q35-ICH9-2009 kernel: [ 7276.718239] Initializing store_message driver...start
Jul 23 21:49:12 armin-Standard-PC-Q35-ICH9-2009 kernel: [ 7299.512851] store_message: Device opened by userprogram
Jul 23 21:53:09 armin-Standard-PC-Q35-ICH9-2009 kernel: [ 7299.512915] Hello I am in the kernel mode and wrote things to the device.
Jul 23 21:53:09 armin-Standard-PC-Q35-ICH9-2009 kernel: [ 7536.874416] Deloading store_message driver...done
Jul 23 21:54:05 armin-Standard-PC-Q35-ICH9-2009 kernel: [ 7592.490200] Initializing store_message driver...start
Jul 23 21:54:14 armin-Standard-PC-Q35-ICH9-2009 kernel: [ 7602.032478] store_message: Device opened by userprogram
Jul 23 23:44:52 armin-Standard-PC-Q35-ICH9-2009 kernel: [    0.000000] Linux version 5.4.0-150-generic (buildd@bos03-amd64-012) (gcc version 7.5.0 (Ubuntu 7.5.0-3ubuntu1~18.04)) #167~18.04.1-Ubuntu SMP Wed May 24 00:51:42 UTC 2023 (Ubuntu 5.4.0-150.167~18.04.1-generic 5.4.233)
Jul 23 23:44:52 armin-Standard-PC-Q35-ICH9-2009 kernel: [    0.000000] Command line: BOOT_IMAGE=/boot/vmlinuz-5.4.0-150-generic root=UUID=b102bcfc-9e08-407e-a1c2-77945fef481d ro quiet splash vt.handoff=1
Jul 23 23:44:52 armin-Standard-PC-Q35-ICH9-2009 kernel: [    0.000000] KERNEL supported cpus:
Jul 23 23:44:52 armin-Standard-PC-Q35-ICH9-2009 kernel: [    0.000000]   Intel GenuineIntel
Jul 23 23:44:52 armin-Standard-PC-Q35-ICH9-2009 kernel: [    0.000000]   AMD AuthenticAMD
Jul 23 23:44:52 armin-Standard-PC-Q35-ICH9-2009 kernel: [    0.000000]   Hygon HygonGenuine
Jul 23 23:44:52 armin-Standard-PC-Q35-ICH9-2009 kernel: [    0.000000]   Centaur CentaurHauls
Jul 23 23:44:52 armin-Standard-PC-Q35-ICH9-2009 kernel: [    0.000000]   zhaoxin   Shanghai  
Jul 23 23:44:52 armin-Standard-PC-Q35-ICH9-2009 kernel: [    0.000000] x86/fpu: x87 FPU will use FXSAVE
Jul 23 23:44:52 armin-Standard-PC-Q35-ICH9-2009 kernel: [    0.000000] BIOS-provided physical RAM map:
Jul 23 23:44:52 armin-Standard-PC-Q35-ICH9-2009 kernel: [    0.000000] BIOS-e820: [mem 0x0000000000000000-0x000000000009ffff] usable
Jul 23 23:44:52 armin-Standard-PC-Q35-ICH9-2009 kernel: [    0.000000] BIOS-e820: [mem 0x0000000000100000-0x000000007f8eefff] usable
Jul 23 23:44:52 armin-Standard-PC-Q35-ICH9-2009 kernel: [    0.000000] BIOS-e820: [mem 0x000000007f8ef000-0x000000007faeefff] reserved
Jul 23 23:44:52 armin-Standard-PC-Q35-ICH9-2009 kernel: [    0.000000] BIOS-e820: [mem 0x000000007faef000-0x000000007fb73fff] usable
Jul 23 23:44:52 armin-Standard-PC-Q35-ICH9-2009 kernel: [    0.000000] BIOS-e820: [mem 0x000000007fb74000-0x000000007fb7efff] ACPI data
Jul 23 23:44:52 armin-Standard-PC-Q35-ICH9-2009 kernel: [    0.000000] BIOS-e820: [mem 0x000000007fb7f000-0x000000007fbfefff] ACPI NVS
Jul 23 23:44:52 armin-Standard-PC-Q35-ICH9-2009 kernel: [    0.000000] BIOS-e820: [mem 0x000000007fbff000-0x000000007ff7bfff] usable
Jul 23 23:44:52 armin-Standard-PC-Q35-ICH9-2009 kernel: [    0.000000] BIOS-e820: [mem 0x000000007ff7c000-0x000000007fffffff] reserved
Jul 23 23:44:52 armin-Standard-PC-Q35-ICH9-2009 kernel: [    0.000000] BIOS-e820: [mem 0x00000000b0000000-0x00000000bfffffff] reserved
Jul 23 23:44:52 armin-Standard-PC-Q35-ICH9-2009 kernel: [    0.000000] BIOS-e820: [mem 0x00000000ffc00000-0x00000000ffffffff] reserved
Jul 23 23:44:52 armin-Standard-PC-Q35-ICH9-2009 kernel: [    0.000000] BIOS-e820: [mem 0x0000000100000000-0x000000017fffffff] usable
Jul 23 23:44:52 armin-Standard-PC-Q35-ICH9-2009 kernel: [    0.000000] NX (Execute Disable) protection: active
Jul 23 23:44:52 armin-Standard-PC-Q35-ICH9-2009 kernel: [    0.000000] e820: update [mem 0x7ecc3018-0x7ece9e57] usable ==> usable
Jul 23 23:44:52 armin-Standard-PC-Q35-ICH9-2009 kernel: [    0.000000] e820: update [mem 0x7ecc3018-0x7ece9e57] usable ==> usable
Jul 23 23:44:52 armin-Standard-PC-Q35-ICH9-2009 kernel: [    0.000000] extended physical RAM map:
Jul 23 23:44:52 armin-Standard-PC-Q35-ICH9-2009 kernel: [    0.000000] reserve setup_data: [mem 0x0000000000000000-0x000000000009ffff] usable
Jul 23 23:44:52 armin-Standard-PC-Q35-ICH9-2009 kernel: [    0.000000] reserve setup_data: [mem 0x0000000000100000-0x000000007ecc3017] usable
Jul 23 23:44:52 armin-Standard-PC-Q35-ICH9-2009 kernel: [    0.000000] reserve setup_data: [mem 0x000000007ecc3018-0x000000007ece9e57] usable
Jul 23 23:44:52 armin-Standard-PC-Q35-ICH9-2009 kernel: [    0.000000] reserve setup_data: [mem 0x000000007ece9e58-0x000000007f8eefff] usable
Jul 23 23:44:52 armin-Standard-PC-Q35-ICH9-2009 kernel: [    0.000000] reserve setup_data: [mem 0x000000007f8ef000-0x000000007faeefff] reserved
Jul 23 23:44:52 armin-Standard-PC-Q35-ICH9-2009 kernel: [    0.000000] reserve setup_data: [mem 0x000000007faef000-0x000000007fb73fff] usable
Jul 23 23:44:52 armin-Standard-PC-Q35-ICH9-2009 kernel: [    0.000000] reserve setup_data: [mem 0x000000007fb74000-0x000000007fb7efff] ACPI data
Jul 23 23:44:52 armin-Standard-PC-Q35-ICH9-2009 kernel: [    0.000000] reserve setup_data: [mem 0x000000007fb7f000-0x000000007fbfefff] ACPI NVS
Jul 23 23:44:52 armin-Standard-PC-Q35-ICH9-2009 kernel: [    0.000000] reserve setup_data: [mem 0x000000007fbff000-0x000000007ff7bfff] usable
Jul 23 23:44:52 armin-Standard-PC-Q35-ICH9-2009 kernel: [    0.000000] reserve setup_data: [mem 0x000000007ff7c000-0x000000007fffffff] reserved
Jul 23 23:44:52 armin-Standard-PC-Q35-ICH9-2009 kernel: [    0.000000] reserve setup_data: [mem 0x00000000b0000000-0x00000000bfffffff] reserved
Jul 23 23:44:52 armin-Standard-PC-Q35-ICH9-2009 kernel: [    0.000000] reserve setup_data: [mem 0x00000000ffc00000-0x00000000ffffffff] reserved
Jul 23 23:44:52 armin-Standard-PC-Q35-ICH9-2009 kernel: [    0.000000] reserve setup_data: [mem 0x0000000100000000-0x000000017fffffff] usable
Jul 23 23:44:52 armin-Standard-PC-Q35-ICH9-2009 kernel: [    0.000000] efi: EFI v2.70 by EDK II
Jul 23 23:44:52 armin-Standard-PC-Q35-ICH9-2009 kernel: [    0.000000] efi:  SMBIOS=0x7f942000  ACPI=0x7fb7e000  ACPI 2.0=0x7fb7e014  MEMATTR=0x7ecfb198  MOKvar=0x7f93e000 
Jul 23 23:44:52 armin-Standard-PC-Q35-ICH9-2009 kernel: [    0.000000] secureboot: Secure boot disabled
Jul 23 23:44:52 armin-Standard-PC-Q35-ICH9-2009 kernel: [    0.000000] SMBIOS 2.8 present.
Jul 23 23:44:52 armin-Standard-PC-Q35-ICH9-2009 kernel: [    0.000000] DMI: QEMU Standard PC (Q35 + ICH9, 2009), BIOS 0.0.0 02/06/2015
Jul 23 23:44:52 armin-Standard-PC-Q35-ICH9-2009 kernel: [    0.000000] e820: update [mem 0x00000000-0x00000fff] usable ==> reserved
Jul 23 23:44:52 armin-Standard-PC-Q35-ICH9-2009 kernel: [    0.000000] e820: remove [mem 0x000a0000-0x000fffff] usable
Jul 23 23:44:52 armin-Standard-PC-Q35-ICH9-2009 kernel: [    0.000000] AGP: No AGP bridge found
Jul 23 23:44:52 armin-Standard-PC-Q35-ICH9-2009 kernel: [    0.000000] last_pfn = 0x180000 max_arch_pfn = 0x400000000
Jul 23 23:44:52 armin-Standard-PC-Q35-ICH9-2009 kernel: [    0.000000] MTRR default type: write-back
Jul 23 23:44:52 armin-Standard-PC-Q35-ICH9-2009 kernel: [    0.000000] MTRR fixed ranges enabled:
Jul 23 23:44:52 armin-Standard-PC-Q35-ICH9-2009 kernel: [    0.000000]   00000-9FFFF write-back
Jul 23 23:44:52 armin-Standard-PC-Q35-ICH9-2009 kernel: [    0.000000]   A0000-FFFFF uncachable
Jul 23 23:44:52 armin-Standard-PC-Q35-ICH9-2009 kernel: [    0.000000] MTRR variable ranges enabled:
Jul 23 23:44:52 armin-Standard-PC-Q35-ICH9-2009 kernel: [    0.000000]   0 base 00C0000000 mask FFC0000000 uncachable
Jul 23 23:44:52 armin-Standard-PC-Q35-ICH9-2009 kernel: [    0.000000]   1 base 00B0000000 mask FFF0000000 uncachable
Jul 23 23:44:52 armin-Standard-PC-Q35-ICH9-2009 kernel: [    0.000000]   2 base 0800000000 mask F800000000 uncachable
Jul 23 23:44:52 armin-Standard-PC-Q35-ICH9-2009 kernel: [    0.000000]   3 disabled
Jul 23 23:44:52 armin-Standard-PC-Q35-ICH9-2009 kernel: [    0.000000]   4 disabled
Jul 23 23:44:52 armin-Standard-PC-Q35-ICH9-2009 kernel: [    0.000000]   5 disabled
Jul 23 23:44:52 armin-Standard-PC-Q35-ICH9-2009 kernel: [    0.000000]   6 disabled
Jul 23 23:44:52 armin-Standard-PC-Q35-ICH9-2009 kernel: [    0.000000]   7 disabled
Jul 23 23:44:52 armin-Standard-PC-Q35-ICH9-2009 kernel: [    0.000000] x86/PAT: Configuration [0-7]: WB  WC  UC- UC  WB  WP  UC- WT  
Jul 23 23:44:52 armin-Standard-PC-Q35-ICH9-2009 kernel: [    0.000000] last_pfn = 0x7ff7c max_arch_pfn = 0x400000000
Jul 23 23:44:52 armin-Standard-PC-Q35-ICH9-2009 kernel: [    0.000000] check: Scanning 1 areas for low memory corruption
Jul 23 23:44:52 armin-Standard-PC-Q35-ICH9-2009 kernel: [    0.000000] secureboot: Secure boot disabled
Jul 23 23:44:52 armin-Standard-PC-Q35-ICH9-2009 kernel: [    0.000000] RAMDISK: [mem 0x7114e000-0x73b8ffff]
Jul 23 23:44:52 armin-Standard-PC-Q35-ICH9-2009 kernel: [    0.000000] ACPI: Early table checksum verification disabled
Jul 23 23:44:52 armin-Standard-PC-Q35-ICH9-2009 kernel: [    0.000000] ACPI: RSDP 0x000000007FB7E014 000024 (v02 BOCHS )
Jul 23 23:44:52 armin-Standard-PC-Q35-ICH9-2009 kernel: [    0.000000] ACPI: XSDT 0x000000007FB7D0E8 000054 (v01 BOCHS  BXPC     00000001      01000013)
Jul 23 23:44:52 armin-Standard-PC-Q35-ICH9-2009 kernel: [    0.000000] ACPI: FACP 0x000000007FB79000 0000F4 (v03 BOCHS  BXPC     00000001 BXPC 00000001)
Jul 23 23:44:52 armin-Standard-PC-Q35-ICH9-2009 kernel: [    0.000000] ACPI: DSDT 0x000000007FB7A000 0020F0 (v01 BOCHS  BXPC     00000001 BXPC 00000001)
Jul 23 23:44:52 armin-Standard-PC-Q35-ICH9-2009 kernel: [    0.000000] ACPI: FACS 0x000000007FBDD000 000040
Jul 23 23:44:52 armin-Standard-PC-Q35-ICH9-2009 kernel: [    0.000000] ACPI: APIC 0x000000007FB78000 000090 (v01 BOCHS  BXPC     00000001 BXPC 00000001)
Jul 23 23:44:52 armin-Standard-PC-Q35-ICH9-2009 kernel: [    0.000000] ACPI: HPET 0x000000007FB77000 000038 (v01 BOCHS  BXPC     00000001 BXPC 00000001)
Jul 23 23:44:52 armin-Standard-PC-Q35-ICH9-2009 kernel: [    0.000000] ACPI: MCFG 0x000000007FB76000 00003C (v01 BOCHS  BXPC     00000001 BXPC 00000001)
Jul 23 23:44:52 armin-Standard-PC-Q35-ICH9-2009 kernel: [    0.000000] ACPI: WAET 0x000000007FB75000 000028 (v01 BOCHS  BXPC     00000001 BXPC 00000001)
Jul 23 23:44:52 armin-Standard-PC-Q35-ICH9-2009 kernel: [    0.000000] ACPI: BGRT 0x000000007FB74000 000038 (v01 INTEL  EDK2     00000002      01000013)
Jul 23 23:44:52 armin-Standard-PC-Q35-ICH9-2009 kernel: [    0.000000] ACPI: Reserving FACP table memory at [mem 0x7fb79000-0x7fb790f3]
Jul 23 23:44:52 armin-Standard-PC-Q35-ICH9-2009 kernel: [    0.000000] ACPI: Reserving DSDT table memory at [mem 0x7fb7a000-0x7fb7c0ef]
Jul 23 23:44:52 armin-Standard-PC-Q35-ICH9-2009 kernel: [    0.000000] ACPI: Reserving FACS table memory at [mem 0x7fbdd000-0x7fbdd03f]
Jul 23 23:44:52 armin-Standard-PC-Q35-ICH9-2009 kernel: [    0.000000] ACPI: Reserving APIC table memory at [mem 0x7fb78000-0x7fb7808f]
Jul 23 23:44:52 armin-Standard-PC-Q35-ICH9-2009 kernel: [    0.000000] ACPI: Reserving HPET table memory at [mem 0x7fb77000-0x7fb77037]
Jul 23 23:44:52 armin-Standard-PC-Q35-ICH9-2009 kernel: [    0.000000] ACPI: Reserving MCFG table memory at [mem 0x7fb76000-0x7fb7603b]
Jul 23 23:44:52 armin-Standard-PC-Q35-ICH9-2009 kernel: [    0.000000] ACPI: Reserving WAET table memory at [mem 0x7fb75000-0x7fb75027]
Jul 23 23:44:52 armin-Standard-PC-Q35-ICH9-2009 kernel: [    0.000000] ACPI: Reserving BGRT table memory at [mem 0x7fb74000-0x7fb74037]
Jul 23 23:44:52 armin-Standard-PC-Q35-ICH9-2009 kernel: [    0.000000] ACPI: Local APIC address 0xfee00000
Jul 23 23:44:52 armin-Standard-PC-Q35-ICH9-2009 kernel: [    0.000000] No NUMA configuration found
Jul 23 23:44:52 armin-Standard-PC-Q35-ICH9-2009 kernel: [    0.000000] Faking a node at [mem 0x0000000000000000-0x000000017fffffff]
Jul 23 23:44:52 armin-Standard-PC-Q35-ICH9-2009 kernel: [    0.000000] NODE_DATA(0) allocated [mem 0x17ffd5000-0x17fffffff]
Jul 23 23:44:52 armin-Standard-PC-Q35-ICH9-2009 kernel: [    0.000000] Zone ranges:
Jul 23 23:44:52 armin-Standard-PC-Q35-ICH9-2009 kernel: [    0.000000]   DMA      [mem 0x0000000000001000-0x0000000000ffffff]
Jul 23 23:44:52 armin-Standard-PC-Q35-ICH9-2009 kernel: [    0.000000]   DMA32    [mem 0x0000000001000000-0x00000000ffffffff]
Jul 23 23:44:52 armin-Standard-PC-Q35-ICH9-2009 kernel: [    0.000000]   Normal   [mem 0x0000000100000000-0x000000017fffffff]
Jul 23 23:44:52 armin-Standard-PC-Q35-ICH9-2009 kernel: [    0.000000]   Device   empty
Jul 23 23:44:52 armin-Standard-PC-Q35-ICH9-2009 kernel: [    0.000000] Movable zone start for each node
Jul 23 23:44:52 armin-Standard-PC-Q35-ICH9-2009 kernel: [    0.000000] Early memory node ranges
Jul 23 23:44:52 armin-Standard-PC-Q35-ICH9-2009 kernel: [    0.000000]   node   0: [mem 0x0000000000001000-0x000000000009ffff]
Jul 23 23:44:52 armin-Standard-PC-Q35-ICH9-2009 kernel: [    0.000000]   node   0: [mem 0x0000000000100000-0x000000007f8eefff]
Jul 23 23:44:52 armin-Standard-PC-Q35-ICH9-2009 kernel: [    0.000000]   node   0: [mem 0x000000007faef000-0x000000007fb73fff]
Jul 23 23:44:52 armin-Standard-PC-Q35-ICH9-2009 kernel: [    0.000000]   node   0: [mem 0x000000007fbff000-0x000000007ff7bfff]
Jul 23 23:44:52 armin-Standard-PC-Q35-ICH9-2009 kernel: [    0.000000]   node   0: [mem 0x0000000100000000-0x000000017fffffff]
Jul 23 23:44:52 armin-Standard-PC-Q35-ICH9-2009 kernel: [    0.000000] Zeroed struct page in unavailable ranges: 880 pages
Jul 23 23:44:52 armin-Standard-PC-Q35-ICH9-2009 kernel: [    0.000000] Initmem setup node 0 [mem 0x0000000000001000-0x000000017fffffff]
Jul 23 23:44:52 armin-Standard-PC-Q35-ICH9-2009 kernel: [    0.000000] On node 0 totalpages: 1047696
Jul 23 23:44:52 armin-Standard-PC-Q35-ICH9-2009 kernel: [    0.000000]   DMA zone: 64 pages used for memmap
Jul 23 23:44:52 armin-Standard-PC-Q35-ICH9-2009 kernel: [    0.000000]   DMA zone: 2039 pages reserved
Jul 23 23:44:52 armin-Standard-PC-Q35-ICH9-2009 kernel: [    0.000000]   DMA zone: 3999 pages, LIFO batch:0
Jul 23 23:44:52 armin-Standard-PC-Q35-ICH9-2009 kernel: [    0.000000]   DMA32 zone: 8116 pages used for memmap
Jul 23 23:44:52 armin-Standard-PC-Q35-ICH9-2009 kernel: [    0.000000]   DMA32 zone: 519409 pages, LIFO batch:63
Jul 23 23:44:52 armin-Standard-PC-Q35-ICH9-2009 kernel: [    0.000000]   Normal zone: 8192 pages used for memmap
Jul 23 23:44:52 armin-Standard-PC-Q35-ICH9-2009 kernel: [    0.000000]   Normal zone: 524288 pages, LIFO batch:63
Jul 23 23:44:52 armin-Standard-PC-Q35-ICH9-2009 kernel: [    0.000000] ACPI: PM-Timer IO Port: 0x608
Jul 23 23:44:52 armin-Standard-PC-Q35-ICH9-2009 kernel: [    0.000000] ACPI: Local APIC address 0xfee00000
Jul 23 23:44:52 armin-Standard-PC-Q35-ICH9-2009 kernel: [    0.000000] ACPI: LAPIC_NMI (acpi_id[0xff] dfl dfl lint[0x1])
Jul 23 23:44:52 armin-Standard-PC-Q35-ICH9-2009 kernel: [    0.000000] IOAPIC[0]: apic_id 0, version 32, address 0xfec00000, GSI 0-23
Jul 23 23:44:52 armin-Standard-PC-Q35-ICH9-2009 kernel: [    0.000000] ACPI: INT_SRC_OVR (bus 0 bus_irq 0 global_irq 2 dfl dfl)
Jul 23 23:44:52 armin-Standard-PC-Q35-ICH9-2009 kernel: [    0.000000] ACPI: INT_SRC_OVR (bus 0 bus_irq 5 global_irq 5 high level)
Jul 23 23:44:52 armin-Standard-PC-Q35-ICH9-2009 kernel: [    0.000000] ACPI: INT_SRC_OVR (bus 0 bus_irq 9 global_irq 9 high level)
Jul 23 23:44:52 armin-Standard-PC-Q35-ICH9-2009 kernel: [    0.000000] ACPI: INT_SRC_OVR (bus 0 bus_irq 10 global_irq 10 high level)
Jul 23 23:44:52 armin-Standard-PC-Q35-ICH9-2009 kernel: [    0.000000] ACPI: INT_SRC_OVR (bus 0 bus_irq 11 global_irq 11 high level)
Jul 23 23:44:52 armin-Standard-PC-Q35-ICH9-2009 kernel: [    0.000000] ACPI: IRQ0 used by override.
Jul 23 23:44:52 armin-Standard-PC-Q35-ICH9-2009 kernel: [    0.000000] ACPI: IRQ5 used by override.
Jul 23 23:44:52 armin-Standard-PC-Q35-ICH9-2009 kernel: [    0.000000] ACPI: IRQ9 used by override.
Jul 23 23:44:52 armin-Standard-PC-Q35-ICH9-2009 kernel: [    0.000000] ACPI: IRQ10 used by override.
Jul 23 23:44:52 armin-Standard-PC-Q35-ICH9-2009 kernel: [    0.000000] ACPI: IRQ11 used by override.
Jul 23 23:44:52 armin-Standard-PC-Q35-ICH9-2009 kernel: [    0.000000] Using ACPI (MADT) for SMP configuration information
Jul 23 23:44:52 armin-Standard-PC-Q35-ICH9-2009 kernel: [    0.000000] ACPI: HPET id: 0x8086a201 base: 0xfed00000
Jul 23 23:44:52 armin-Standard-PC-Q35-ICH9-2009 kernel: [    0.000000] e820: update [mem 0x7e413000-0x7e443fff] usable ==> reserved
Jul 23 23:44:52 armin-Standard-PC-Q35-ICH9-2009 kernel: [    0.000000] smpboot: Allowing 4 CPUs, 0 hotplug CPUs
Jul 23 23:44:52 armin-Standard-PC-Q35-ICH9-2009 kernel: [    0.000000] PM: Registered nosave memory: [mem 0x00000000-0x00000fff]
Jul 23 23:44:52 armin-Standard-PC-Q35-ICH9-2009 kernel: [    0.000000] PM: Registered nosave memory: [mem 0x000a0000-0x000fffff]
Jul 23 23:44:52 armin-Standard-PC-Q35-ICH9-2009 kernel: [    0.000000] PM: Registered nosave memory: [mem 0x7e413000-0x7e443fff]
Jul 23 23:44:52 armin-Standard-PC-Q35-ICH9-2009 kernel: [    0.000000] PM: Registered nosave memory: [mem 0x7ecc3000-0x7ecc3fff]
Jul 23 23:44:52 armin-Standard-PC-Q35-ICH9-2009 kernel: [    0.000000] PM: Registered nosave memory: [mem 0x7ece9000-0x7ece9fff]
Jul 23 23:44:52 armin-Standard-PC-Q35-ICH9-2009 kernel: [    0.000000] PM: Registered nosave memory: [mem 0x7f8ef000-0x7faeefff]
Jul 23 23:44:52 armin-Standard-PC-Q35-ICH9-2009 kernel: [    0.000000] PM: Registered nosave memory: [mem 0x7fb74000-0x7fb7efff]
Jul 23 23:44:52 armin-Standard-PC-Q35-ICH9-2009 kernel: [    0.000000] PM: Registered nosave memory: [mem 0x7fb7f000-0x7fbfefff]
Jul 23 23:44:52 armin-Standard-PC-Q35-ICH9-2009 kernel: [    0.000000] PM: Registered nosave memory: [mem 0x7ff7c000-0x7fffffff]
Jul 23 23:44:52 armin-Standard-PC-Q35-ICH9-2009 kernel: [    0.000000] PM: Registered nosave memory: [mem 0x80000000-0xafffffff]
Jul 23 23:44:52 armin-Standard-PC-Q35-ICH9-2009 kernel: [    0.000000] PM: Registered nosave memory: [mem 0xb0000000-0xbfffffff]
Jul 23 23:44:52 armin-Standard-PC-Q35-ICH9-2009 kernel: [    0.000000] PM: Registered nosave memory: [mem 0xc0000000-0xffbfffff]
Jul 23 23:44:52 armin-Standard-PC-Q35-ICH9-2009 kernel: [    0.000000] PM: Registered nosave memory: [mem 0xffc00000-0xffffffff]
Jul 23 23:44:52 armin-Standard-PC-Q35-ICH9-2009 kernel: [    0.000000] [mem 0xc0000000-0xffbfffff] available for PCI devices
Jul 23 23:44:52 armin-Standard-PC-Q35-ICH9-2009 kernel: [    0.000000] Booting paravirtualized kernel on bare hardware
Jul 23 23:44:52 armin-Standard-PC-Q35-ICH9-2009 kernel: [    0.000000] clocksource: refined-jiffies: mask: 0xffffffff max_cycles: 0xffffffff, max_idle_ns: 7645519600211568 ns
Jul 23 23:44:52 armin-Standard-PC-Q35-ICH9-2009 kernel: [    0.000000] setup_percpu: NR_CPUS:8192 nr_cpumask_bits:4 nr_cpu_ids:4 nr_node_ids:1
Jul 23 23:44:52 armin-Standard-PC-Q35-ICH9-2009 kernel: [    0.000000] percpu: Embedded 60 pages/cpu s208896 r8192 d28672 u524288
Jul 23 23:44:52 armin-Standard-PC-Q35-ICH9-2009 kernel: [    0.000000] pcpu-alloc: s208896 r8192 d28672 u524288 alloc=1*2097152
Jul 23 23:44:52 armin-Standard-PC-Q35-ICH9-2009 kernel: [    0.000000] pcpu-alloc: [0] 0 1 2 3 
Jul 23 23:44:52 armin-Standard-PC-Q35-ICH9-2009 kernel: [    0.000000] Built 1 zonelists, mobility grouping on.  Total pages: 1029285
Jul 23 23:44:52 armin-Standard-PC-Q35-ICH9-2009 kernel: [    0.000000] Policy zone: Normal
Jul 23 23:44:52 armin-Standard-PC-Q35-ICH9-2009 kernel: [    0.000000] Kernel command line: BOOT_IMAGE=/boot/vmlinuz-5.4.0-150-generic root=UUID=b102bcfc-9e08-407e-a1c2-77945fef481d ro quiet splash vt.handoff=1
Jul 23 23:44:52 armin-Standard-PC-Q35-ICH9-2009 kernel: [    0.000000] Dentry cache hash table entries: 524288 (order: 10, 4194304 bytes, linear)
Jul 23 23:44:52 armin-Standard-PC-Q35-ICH9-2009 kernel: [    0.000000] Inode-cache hash table entries: 262144 (order: 9, 2097152 bytes, linear)
Jul 23 23:44:52 armin-Standard-PC-Q35-ICH9-2009 kernel: [    0.000000] mem auto-init: stack:off, heap alloc:on, heap free:off
Jul 23 23:44:52 armin-Standard-PC-Q35-ICH9-2009 kernel: [    0.000000] AGP: Checking aperture...
Jul 23 23:44:52 armin-Standard-PC-Q35-ICH9-2009 kernel: [    0.000000] AGP: No AGP bridge found
Jul 23 23:44:52 armin-Standard-PC-Q35-ICH9-2009 kernel: [    0.000000] Calgary: detecting Calgary via BIOS EBDA area
Jul 23 23:44:52 armin-Standard-PC-Q35-ICH9-2009 kernel: [    0.000000] Calgary: Unable to locate Rio Grande table in EBDA - bailing!
Jul 23 23:44:52 armin-Standard-PC-Q35-ICH9-2009 kernel: [    0.000000] Memory: 3935464K/4190784K available (14339K kernel code, 2375K rwdata, 9472K rodata, 2748K init, 4980K bss, 255320K reserved, 0K cma-reserved)
Jul 23 23:44:52 armin-Standard-PC-Q35-ICH9-2009 kernel: [    0.000000] SLUB: HWalign=64, Order=0-3, MinObjects=0, CPUs=4, Nodes=1
Jul 23 23:44:52 armin-Standard-PC-Q35-ICH9-2009 kernel: [    0.000000] ftrace: allocating 44386 entries in 174 pages
Jul 23 23:44:52 armin-Standard-PC-Q35-ICH9-2009 kernel: [    0.000000] rcu: Hierarchical RCU implementation.
Jul 23 23:44:52 armin-Standard-PC-Q35-ICH9-2009 kernel: [    0.000000] rcu: 	RCU restricting CPUs from NR_CPUS=8192 to nr_cpu_ids=4.
Jul 23 23:44:52 armin-Standard-PC-Q35-ICH9-2009 kernel: [    0.000000] 	Tasks RCU enabled.
Jul 23 23:44:52 armin-Standard-PC-Q35-ICH9-2009 kernel: [    0.000000] rcu: RCU calculated value of scheduler-enlistment delay is 25 jiffies.
Jul 23 23:44:52 armin-Standard-PC-Q35-ICH9-2009 kernel: [    0.000000] rcu: Adjusting geometry for rcu_fanout_leaf=16, nr_cpu_ids=4
Jul 23 23:44:52 armin-Standard-PC-Q35-ICH9-2009 kernel: [    0.000000] NR_IRQS: 524544, nr_irqs: 456, preallocated irqs: 16
Jul 23 23:44:52 armin-Standard-PC-Q35-ICH9-2009 kernel: [    0.000000] vt handoff: transparent VT on vt#1
Jul 23 23:44:52 armin-Standard-PC-Q35-ICH9-2009 kernel: [    0.000000] Console: colour dummy device 80x25
Jul 23 23:44:52 armin-Standard-PC-Q35-ICH9-2009 kernel: [    0.000000] printk: console [tty0] enabled
Jul 23 23:44:52 armin-Standard-PC-Q35-ICH9-2009 kernel: [    0.000000] ACPI: Core revision 20190816
Jul 23 23:44:52 armin-Standard-PC-Q35-ICH9-2009 kernel: [    0.000000] clocksource: hpet: mask: 0xffffffff max_cycles: 0xffffffff, max_idle_ns: 19112604467 ns
Jul 23 23:44:52 armin-Standard-PC-Q35-ICH9-2009 kernel: [    0.004000] APIC: Switch to symmetric I/O mode setup
Jul 23 23:44:52 armin-Standard-PC-Q35-ICH9-2009 kernel: [    0.008000] ..TIMER: vector=0x30 apic1=0 pin1=2 apic2=-1 pin2=-1
Jul 23 23:44:52 armin-Standard-PC-Q35-ICH9-2009 kernel: [    0.040000] tsc: Unable to calibrate against PIT
Jul 23 23:44:52 armin-Standard-PC-Q35-ICH9-2009 kernel: [    0.040000] tsc: using HPET reference calibration
Jul 23 23:44:52 armin-Standard-PC-Q35-ICH9-2009 kernel: [    0.040000] tsc: Detected 999.303 MHz processor
Jul 23 23:44:52 armin-Standard-PC-Q35-ICH9-2009 kernel: [    0.000518] tsc: Marking TSC unstable due to TSCs unsynchronized
Jul 23 23:44:52 armin-Standard-PC-Q35-ICH9-2009 kernel: [    0.000828] Calibrating delay loop (skipped), value calculated using timer frequency.. 1998.60 BogoMIPS (lpj=3997212)
Jul 23 23:44:52 armin-Standard-PC-Q35-ICH9-2009 kernel: [    0.000941] pid_max: default: 32768 minimum: 301
Jul 23 23:44:52 armin-Standard-PC-Q35-ICH9-2009 kernel: [    0.061205] LSM: Security Framework initializing
Jul 23 23:44:52 armin-Standard-PC-Q35-ICH9-2009 kernel: [    0.061949] Yama: becoming mindful.
Jul 23 23:44:52 armin-Standard-PC-Q35-ICH9-2009 kernel: [    0.063733] AppArmor: AppArmor initialized
Jul 23 23:44:52 armin-Standard-PC-Q35-ICH9-2009 kernel: [    0.065281] Mount-cache hash table entries: 8192 (order: 4, 65536 bytes, linear)
Jul 23 23:44:52 armin-Standard-PC-Q35-ICH9-2009 kernel: [    0.065319] Mountpoint-cache hash table entries: 8192 (order: 4, 65536 bytes, linear)
Jul 23 23:44:52 armin-Standard-PC-Q35-ICH9-2009 kernel: [    0.066700] *** VALIDATE tmpfs ***
Jul 23 23:44:52 armin-Standard-PC-Q35-ICH9-2009 kernel: [    0.078975] *** VALIDATE proc ***
Jul 23 23:44:52 armin-Standard-PC-Q35-ICH9-2009 kernel: [    0.083927] *** VALIDATE cgroup1 ***
Jul 23 23:44:52 armin-Standard-PC-Q35-ICH9-2009 kernel: [    0.083958] *** VALIDATE cgroup2 ***
Jul 23 23:44:52 armin-Standard-PC-Q35-ICH9-2009 kernel: [    0.088245] process: using AMD E400 aware idle routine
Jul 23 23:44:52 armin-Standard-PC-Q35-ICH9-2009 kernel: [    0.088393] Last level iTLB entries: 4KB 512, 2MB 255, 4MB 127
Jul 23 23:44:52 armin-Standard-PC-Q35-ICH9-2009 kernel: [    0.088406] Last level dTLB entries: 4KB 512, 2MB 255, 4MB 127, 1GB 0
Jul 23 23:44:52 armin-Standard-PC-Q35-ICH9-2009 kernel: [    0.088795] Spectre V1 : Mitigation: usercopy/swapgs barriers and __user pointer sanitization
Jul 23 23:44:52 armin-Standard-PC-Q35-ICH9-2009 kernel: [    0.088920] Spectre V2 : Mitigation: Retpolines
Jul 23 23:44:52 armin-Standard-PC-Q35-ICH9-2009 kernel: [    0.088931] Spectre V2 : Spectre v2 / SpectreRSB mitigation: Filling RSB on context switch
Jul 23 23:44:52 armin-Standard-PC-Q35-ICH9-2009 kernel: [    0.088947] Spectre V2 : Spectre v2 / SpectreRSB : Filling RSB on VMEXIT
Jul 23 23:44:52 armin-Standard-PC-Q35-ICH9-2009 kernel: [    0.095381] Freeing SMP alternatives memory: 40K
Jul 23 23:44:52 armin-Standard-PC-Q35-ICH9-2009 kernel: [    0.256610] smpboot: CPU0: AMD QEMU Virtual CPU version 2.5+ (family: 0xf, model: 0x6b, stepping: 0x1)
Jul 23 23:44:52 armin-Standard-PC-Q35-ICH9-2009 kernel: [    0.256979] Performance Events: PMU not available due to virtualization, using software events only.
Jul 23 23:44:52 armin-Standard-PC-Q35-ICH9-2009 kernel: [    0.258313] rcu: Hierarchical SRCU implementation.
Jul 23 23:44:52 armin-Standard-PC-Q35-ICH9-2009 kernel: [    0.262657] NMI watchdog: Perf NMI watchdog permanently disabled
Jul 23 23:44:52 armin-Standard-PC-Q35-ICH9-2009 kernel: [    0.265889] smp: Bringing up secondary CPUs ...
Jul 23 23:44:52 armin-Standard-PC-Q35-ICH9-2009 kernel: [    0.267787] x86: Booting SMP configuration:
Jul 23 23:44:52 armin-Standard-PC-Q35-ICH9-2009 kernel: [    0.267827] .... node  #0, CPUs:      #1
Jul 23 23:44:52 armin-Standard-PC-Q35-ICH9-2009 kernel: [    0.000000] calibrate_delay_direct() failed to get a good estimate for loops_per_jiffy.
Jul 23 23:44:52 armin-Standard-PC-Q35-ICH9-2009 kernel: [    0.000000] Probably due to long platform interrupts. Consider using "lpj=" boot option.
Jul 23 23:44:52 armin-Standard-PC-Q35-ICH9-2009 kernel: [    0.466618]  #2 #3
Jul 23 23:44:52 armin-Standard-PC-Q35-ICH9-2009 kernel: [    0.625853] smp: Brought up 1 node, 4 CPUs
Jul 23 23:44:52 armin-Standard-PC-Q35-ICH9-2009 kernel: [    0.625894] smpboot: Max logical packages: 1
Jul 23 23:44:52 armin-Standard-PC-Q35-ICH9-2009 kernel: [    0.625945] smpboot: Total of 4 processors activated (6197.38 BogoMIPS)
Jul 23 23:44:52 armin-Standard-PC-Q35-ICH9-2009 kernel: [    0.642219] devtmpfs: initialized
Jul 23 23:44:52 armin-Standard-PC-Q35-ICH9-2009 kernel: [    0.644963] x86/mm: Memory block size: 128MB
Jul 23 23:44:52 armin-Standard-PC-Q35-ICH9-2009 kernel: [    0.649788] PM: Registering ACPI NVS region [mem 0x7fb7f000-0x7fbfefff] (524288 bytes)
Jul 23 23:44:52 armin-Standard-PC-Q35-ICH9-2009 kernel: [    0.652710] clocksource: jiffies: mask: 0xffffffff max_cycles: 0xffffffff, max_idle_ns: 7645041785100000 ns
Jul 23 23:44:52 armin-Standard-PC-Q35-ICH9-2009 kernel: [    0.652836] futex hash table entries: 1024 (order: 4, 65536 bytes, linear)
Jul 23 23:44:52 armin-Standard-PC-Q35-ICH9-2009 kernel: [    0.655114] pinctrl core: initialized pinctrl subsystem
Jul 23 23:44:52 armin-Standard-PC-Q35-ICH9-2009 kernel: [    0.660436] PM: RTC time: 21:44:27, date: 2023-07-23
Jul 23 23:44:52 armin-Standard-PC-Q35-ICH9-2009 kernel: [    0.665516] NET: Registered protocol family 16
Jul 23 23:44:52 armin-Standard-PC-Q35-ICH9-2009 kernel: [    0.667329] audit: initializing netlink subsys (disabled)
Jul 23 23:44:52 armin-Standard-PC-Q35-ICH9-2009 kernel: [    0.669052] audit: type=2000 audit(1690148666.708:1): state=initialized audit_enabled=0 res=1
Jul 23 23:44:52 armin-Standard-PC-Q35-ICH9-2009 kernel: [    0.671584] EISA bus registered
Jul 23 23:44:52 armin-Standard-PC-Q35-ICH9-2009 kernel: [    0.672745] cpuidle: using governor ladder
Jul 23 23:44:52 armin-Standard-PC-Q35-ICH9-2009 kernel: [    0.673029] cpuidle: using governor menu
Jul 23 23:44:52 armin-Standard-PC-Q35-ICH9-2009 kernel: [    0.673924] ACPI: bus type PCI registered
Jul 23 23:44:52 armin-Standard-PC-Q35-ICH9-2009 kernel: [    0.673988] acpiphp: ACPI Hot Plug PCI Controller Driver version: 0.5
Jul 23 23:44:52 armin-Standard-PC-Q35-ICH9-2009 kernel: [    0.677478] PCI: MMCONFIG for domain 0000 [bus 00-ff] at [mem 0xb0000000-0xbfffffff] (base 0xb0000000)
Jul 23 23:44:52 armin-Standard-PC-Q35-ICH9-2009 kernel: [    0.678833] PCI: MMCONFIG at [mem 0xb0000000-0xbfffffff] reserved in E820
Jul 23 23:44:52 armin-Standard-PC-Q35-ICH9-2009 kernel: [    0.679368] PCI: Using configuration type 1 for base access
Jul 23 23:44:52 armin-Standard-PC-Q35-ICH9-2009 kernel: [    0.682454] mtrr: your CPUs had inconsistent fixed MTRR settings
Jul 23 23:44:52 armin-Standard-PC-Q35-ICH9-2009 kernel: [    0.682465] mtrr: your CPUs had inconsistent variable MTRR settings
Jul 23 23:44:52 armin-Standard-PC-Q35-ICH9-2009 kernel: [    0.682473] mtrr: your CPUs had inconsistent MTRRdefType settings
Jul 23 23:44:52 armin-Standard-PC-Q35-ICH9-2009 kernel: [    0.682478] mtrr: probably your BIOS does not setup all CPUs.
Jul 23 23:44:52 armin-Standard-PC-Q35-ICH9-2009 kernel: [    0.682483] mtrr: corrected configuration.
Jul 23 23:44:52 armin-Standard-PC-Q35-ICH9-2009 kernel: [    0.697387] HugeTLB registered 2.00 MiB page size, pre-allocated 0 pages
Jul 23 23:44:52 armin-Standard-PC-Q35-ICH9-2009 kernel: [    0.725783] ACPI: Added _OSI(Module Device)
Jul 23 23:44:52 armin-Standard-PC-Q35-ICH9-2009 kernel: [    0.725802] ACPI: Added _OSI(Processor Device)
Jul 23 23:44:52 armin-Standard-PC-Q35-ICH9-2009 kernel: [    0.725807] ACPI: Added _OSI(3.0 _SCP Extensions)
Jul 23 23:44:52 armin-Standard-PC-Q35-ICH9-2009 kernel: [    0.725811] ACPI: Added _OSI(Processor Aggregator Device)
Jul 23 23:44:52 armin-Standard-PC-Q35-ICH9-2009 kernel: [    0.726187] ACPI: Added _OSI(Linux-Dell-Video)
Jul 23 23:44:52 armin-Standard-PC-Q35-ICH9-2009 kernel: [    0.726194] ACPI: Added _OSI(Linux-Lenovo-NV-HDMI-Audio)
Jul 23 23:44:52 armin-Standard-PC-Q35-ICH9-2009 kernel: [    0.726200] ACPI: Added _OSI(Linux-HPI-Hybrid-Graphics)
Jul 23 23:44:52 armin-Standard-PC-Q35-ICH9-2009 kernel: [    0.757080] ACPI: 1 ACPI AML tables successfully acquired and loaded
Jul 23 23:44:52 armin-Standard-PC-Q35-ICH9-2009 kernel: [    0.771616] ACPI: Interpreter enabled
Jul 23 23:44:52 armin-Standard-PC-Q35-ICH9-2009 kernel: [    0.772526] ACPI: (supports S0 S4 S5)
Jul 23 23:44:52 armin-Standard-PC-Q35-ICH9-2009 kernel: [    0.772564] ACPI: Using IOAPIC for interrupt routing
Jul 23 23:44:52 armin-Standard-PC-Q35-ICH9-2009 kernel: [    0.773735] PCI: Using host bridge windows from ACPI; if necessary, use "pci=nocrs" and report a bug
Jul 23 23:44:52 armin-Standard-PC-Q35-ICH9-2009 kernel: [    0.775326] ACPI: Enabled 2 GPEs in block 00 to 3F
Jul 23 23:44:52 armin-Standard-PC-Q35-ICH9-2009 kernel: [    0.805824] ACPI: PCI Root Bridge [PCI0] (domain 0000 [bus 00-ff])
Jul 23 23:44:52 armin-Standard-PC-Q35-ICH9-2009 kernel: [    0.806277] acpi PNP0A08:00: _OSC: OS supports [ExtendedConfig ASPM ClockPM Segments MSI HPX-Type3]
Jul 23 23:44:52 armin-Standard-PC-Q35-ICH9-2009 kernel: [    0.808350] acpi PNP0A08:00: _OSC: platform does not support [PCIeHotplug LTR]
Jul 23 23:44:52 armin-Standard-PC-Q35-ICH9-2009 kernel: [    0.809529] acpi PNP0A08:00: _OSC: OS now controls [SHPCHotplug PME AER PCIeCapability]
Jul 23 23:44:52 armin-Standard-PC-Q35-ICH9-2009 kernel: [    0.813697] PCI host bridge to bus 0000:00
Jul 23 23:44:52 armin-Standard-PC-Q35-ICH9-2009 kernel: [    0.813986] pci_bus 0000:00: root bus resource [io  0x0000-0x0cf7 window]
Jul 23 23:44:52 armin-Standard-PC-Q35-ICH9-2009 kernel: [    0.814012] pci_bus 0000:00: root bus resource [io  0x0d00-0xffff window]
Jul 23 23:44:52 armin-Standard-PC-Q35-ICH9-2009 kernel: [    0.814020] pci_bus 0000:00: root bus resource [mem 0x000a0000-0x000bffff window]
Jul 23 23:44:52 armin-Standard-PC-Q35-ICH9-2009 kernel: [    0.814027] pci_bus 0000:00: root bus resource [mem 0x80000000-0xafffffff window]
Jul 23 23:44:52 armin-Standard-PC-Q35-ICH9-2009 kernel: [    0.814034] pci_bus 0000:00: root bus resource [mem 0xc0000000-0xfebfffff window]
Jul 23 23:44:52 armin-Standard-PC-Q35-ICH9-2009 kernel: [    0.814040] pci_bus 0000:00: root bus resource [mem 0x800000000-0xfffffffff window]
Jul 23 23:44:52 armin-Standard-PC-Q35-ICH9-2009 kernel: [    0.814109] pci_bus 0000:00: root bus resource [bus 00-ff]
Jul 23 23:44:52 armin-Standard-PC-Q35-ICH9-2009 kernel: [    0.814756] pci 0000:00:00.0: [8086:29c0] type 00 class 0x060000
Jul 23 23:44:52 armin-Standard-PC-Q35-ICH9-2009 kernel: [    0.819663] pci 0000:00:01.0: [8086:100e] type 00 class 0x020000
Jul 23 23:44:52 armin-Standard-PC-Q35-ICH9-2009 kernel: [    0.820725] pci 0000:00:01.0: reg 0x10: [mem 0xc0040000-0xc005ffff]
Jul 23 23:44:52 armin-Standard-PC-Q35-ICH9-2009 kernel: [    0.821548] pci 0000:00:01.0: reg 0x14: [io  0x6080-0x60bf]
Jul 23 23:44:52 armin-Standard-PC-Q35-ICH9-2009 kernel: [    0.824650] pci 0000:00:01.0: reg 0x30: [mem 0xfffc0000-0xffffffff pref]
Jul 23 23:44:52 armin-Standard-PC-Q35-ICH9-2009 kernel: [    0.825839] pci 0000:00:02.0: [1af4:1050] type 00 class 0x038000
Jul 23 23:44:52 armin-Standard-PC-Q35-ICH9-2009 kernel: [    0.827554] pci 0000:00:02.0: reg 0x14: [mem 0xc0068000-0xc0068fff]
Jul 23 23:44:52 armin-Standard-PC-Q35-ICH9-2009 kernel: [    0.830588] pci 0000:00:02.0: reg 0x20: [mem 0x800000000-0x800003fff 64bit pref]
Jul 23 23:44:52 armin-Standard-PC-Q35-ICH9-2009 kernel: [    0.833547] pci 0000:00:03.0: [8086:2668] type 00 class 0x040300
Jul 23 23:44:52 armin-Standard-PC-Q35-ICH9-2009 kernel: [    0.833962] pci 0000:00:03.0: reg 0x10: [mem 0xc0060000-0xc0063fff]
Jul 23 23:44:52 armin-Standard-PC-Q35-ICH9-2009 kernel: [    0.840878] pci 0000:00:04.0: [1033:0194] type 00 class 0x0c0330
Jul 23 23:44:52 armin-Standard-PC-Q35-ICH9-2009 kernel: [    0.841356] pci 0000:00:04.0: reg 0x10: [mem 0x80000c000-0x80000ffff 64bit]
Jul 23 23:44:52 armin-Standard-PC-Q35-ICH9-2009 kernel: [    0.844382] pci 0000:00:05.0: [1af4:1003] type 00 class 0x078000
Jul 23 23:44:52 armin-Standard-PC-Q35-ICH9-2009 kernel: [    0.844610] pci 0000:00:05.0: reg 0x10: [io  0x6040-0x607f]
Jul 23 23:44:52 armin-Standard-PC-Q35-ICH9-2009 kernel: [    0.845743] pci 0000:00:05.0: reg 0x14: [mem 0xc0067000-0xc0067fff]
Jul 23 23:44:52 armin-Standard-PC-Q35-ICH9-2009 kernel: [    0.848610] pci 0000:00:05.0: reg 0x20: [mem 0x800004000-0x800007fff 64bit pref]
Jul 23 23:44:52 armin-Standard-PC-Q35-ICH9-2009 kernel: [    0.850504] pci 0000:00:06.0: [1af4:1005] type 00 class 0x00ff00
Jul 23 23:44:52 armin-Standard-PC-Q35-ICH9-2009 kernel: [    0.851737] pci 0000:00:06.0: reg 0x10: [io  0x6140-0x615f]
Jul 23 23:44:52 armin-Standard-PC-Q35-ICH9-2009 kernel: [    0.853840] pci 0000:00:06.0: reg 0x14: [mem 0xc0066000-0xc0066fff]
Jul 23 23:44:52 armin-Standard-PC-Q35-ICH9-2009 kernel: [    0.856610] pci 0000:00:06.0: reg 0x20: [mem 0x800008000-0x80000bfff 64bit pref]
Jul 23 23:44:52 armin-Standard-PC-Q35-ICH9-2009 kernel: [    0.859046] pci 0000:00:1d.0: [8086:2934] type 00 class 0x0c0300
Jul 23 23:44:52 armin-Standard-PC-Q35-ICH9-2009 kernel: [    0.860610] pci 0000:00:1d.0: reg 0x20: [io  0x6120-0x613f]
Jul 23 23:44:52 armin-Standard-PC-Q35-ICH9-2009 kernel: [    0.866209] pci 0000:00:1d.1: [8086:2935] type 00 class 0x0c0300
Jul 23 23:44:52 armin-Standard-PC-Q35-ICH9-2009 kernel: [    0.868383] pci 0000:00:1d.1: reg 0x20: [io  0x6100-0x611f]
Jul 23 23:44:52 armin-Standard-PC-Q35-ICH9-2009 kernel: [    0.869937] pci 0000:00:1d.2: [8086:2936] type 00 class 0x0c0300
Jul 23 23:44:52 armin-Standard-PC-Q35-ICH9-2009 kernel: [    0.872177] pci 0000:00:1d.2: reg 0x20: [io  0x60e0-0x60ff]
Jul 23 23:44:52 armin-Standard-PC-Q35-ICH9-2009 kernel: [    0.873959] pci 0000:00:1d.7: [8086:293a] type 00 class 0x0c0320
Jul 23 23:44:52 armin-Standard-PC-Q35-ICH9-2009 kernel: [    0.874405] pci 0000:00:1d.7: reg 0x10: [mem 0xc0065000-0xc0065fff]
Jul 23 23:44:52 armin-Standard-PC-Q35-ICH9-2009 kernel: [    0.877170] pci 0000:00:1f.0: [8086:2918] type 00 class 0x060100
Jul 23 23:44:52 armin-Standard-PC-Q35-ICH9-2009 kernel: [    0.877170] pci 0000:00:1f.0: quirk: [io  0x0600-0x067f] claimed by ICH6 ACPI/GPIO/TCO
Jul 23 23:44:52 armin-Standard-PC-Q35-ICH9-2009 kernel: [    0.877564] pci 0000:00:1f.2: [8086:2922] type 00 class 0x010601
Jul 23 23:44:52 armin-Standard-PC-Q35-ICH9-2009 kernel: [    0.880610] pci 0000:00:1f.2: reg 0x20: [io  0x60c0-0x60df]
Jul 23 23:44:52 armin-Standard-PC-Q35-ICH9-2009 kernel: [    0.881488] pci 0000:00:1f.2: reg 0x24: [mem 0xc0064000-0xc0064fff]
Jul 23 23:44:52 armin-Standard-PC-Q35-ICH9-2009 kernel: [    0.883058] pci 0000:00:1f.3: [8086:2930] type 00 class 0x0c0500
Jul 23 23:44:52 armin-Standard-PC-Q35-ICH9-2009 kernel: [    0.884610] pci 0000:00:1f.3: reg 0x20: [io  0x6000-0x603f]
Jul 23 23:44:52 armin-Standard-PC-Q35-ICH9-2009 kernel: [    0.893858] ACPI: PCI Interrupt Link [LNKA] (IRQs 5 *10 11)
Jul 23 23:44:52 armin-Standard-PC-Q35-ICH9-2009 kernel: [    0.894575] ACPI: PCI Interrupt Link [LNKB] (IRQs 5 *10 11)
Jul 23 23:44:52 armin-Standard-PC-Q35-ICH9-2009 kernel: [    0.895167] ACPI: PCI Interrupt Link [LNKC] (IRQs 5 10 *11)
Jul 23 23:44:52 armin-Standard-PC-Q35-ICH9-2009 kernel: [    0.895741] ACPI: PCI Interrupt Link [LNKD] (IRQs 5 10 *11)
Jul 23 23:44:52 armin-Standard-PC-Q35-ICH9-2009 kernel: [    0.896316] ACPI: PCI Interrupt Link [LNKE] (IRQs 5 *10 11)
Jul 23 23:44:52 armin-Standard-PC-Q35-ICH9-2009 kernel: [    0.896610] ACPI: PCI Interrupt Link [LNKF] (IRQs 5 *10 11)
Jul 23 23:44:52 armin-Standard-PC-Q35-ICH9-2009 kernel: [    0.897124] ACPI: PCI Interrupt Link [LNKG] (IRQs 5 10 *11)
Jul 23 23:44:52 armin-Standard-PC-Q35-ICH9-2009 kernel: [    0.897696] ACPI: PCI Interrupt Link [LNKH] (IRQs 5 10 *11)
Jul 23 23:44:52 armin-Standard-PC-Q35-ICH9-2009 kernel: [    0.897861] ACPI: PCI Interrupt Link [GSIA] (IRQs *16)
Jul 23 23:44:52 armin-Standard-PC-Q35-ICH9-2009 kernel: [    0.897953] ACPI: PCI Interrupt Link [GSIB] (IRQs *17)
Jul 23 23:44:52 armin-Standard-PC-Q35-ICH9-2009 kernel: [    0.898046] ACPI: PCI Interrupt Link [GSIC] (IRQs *18)
Jul 23 23:44:52 armin-Standard-PC-Q35-ICH9-2009 kernel: [    0.898133] ACPI: PCI Interrupt Link [GSID] (IRQs *19)
Jul 23 23:44:52 armin-Standard-PC-Q35-ICH9-2009 kernel: [    0.898218] ACPI: PCI Interrupt Link [GSIE] (IRQs *20)
Jul 23 23:44:52 armin-Standard-PC-Q35-ICH9-2009 kernel: [    0.898304] ACPI: PCI Interrupt Link [GSIF] (IRQs *21)
Jul 23 23:44:52 armin-Standard-PC-Q35-ICH9-2009 kernel: [    0.898390] ACPI: PCI Interrupt Link [GSIG] (IRQs *22)
Jul 23 23:44:52 armin-Standard-PC-Q35-ICH9-2009 kernel: [    0.898474] ACPI: PCI Interrupt Link [GSIH] (IRQs *23)
Jul 23 23:44:52 armin-Standard-PC-Q35-ICH9-2009 kernel: [    0.902433] iommu: Default domain type: Translated 
Jul 23 23:44:52 armin-Standard-PC-Q35-ICH9-2009 kernel: [    0.904781] SCSI subsystem initialized
Jul 23 23:44:52 armin-Standard-PC-Q35-ICH9-2009 kernel: [    0.904892] libata version 3.00 loaded.
Jul 23 23:44:52 armin-Standard-PC-Q35-ICH9-2009 kernel: [    0.906019] vgaarb: loaded
Jul 23 23:44:52 armin-Standard-PC-Q35-ICH9-2009 kernel: [    0.906019] ACPI: bus type USB registered
Jul 23 23:44:52 armin-Standard-PC-Q35-ICH9-2009 kernel: [    0.909010] usbcore: registered new interface driver usbfs
Jul 23 23:44:52 armin-Standard-PC-Q35-ICH9-2009 kernel: [    0.909180] usbcore: registered new interface driver hub
Jul 23 23:44:52 armin-Standard-PC-Q35-ICH9-2009 kernel: [    0.909268] usbcore: registered new device driver usb
Jul 23 23:44:52 armin-Standard-PC-Q35-ICH9-2009 kernel: [    0.909679] pps_core: LinuxPPS API ver. 1 registered
Jul 23 23:44:52 armin-Standard-PC-Q35-ICH9-2009 kernel: [    0.909687] pps_core: Software ver. 5.3.6 - Copyright 2005-2007 Rodolfo Giometti <giometti@linux.it>
Jul 23 23:44:52 armin-Standard-PC-Q35-ICH9-2009 kernel: [    0.909783] PTP clock support registered
Jul 23 23:44:52 armin-Standard-PC-Q35-ICH9-2009 kernel: [    0.910210] EDAC MC: Ver: 3.0.0
Jul 23 23:44:52 armin-Standard-PC-Q35-ICH9-2009 kernel: [    0.910210] Registered efivars operations
Jul 23 23:44:52 armin-Standard-PC-Q35-ICH9-2009 kernel: [    0.912781] PCI: Using ACPI for IRQ routing
Jul 23 23:44:52 armin-Standard-PC-Q35-ICH9-2009 kernel: [    0.918905] PCI: pci_cache_line_size set to 64 bytes
Jul 23 23:44:52 armin-Standard-PC-Q35-ICH9-2009 kernel: [    0.919453] e820: reserve RAM buffer [mem 0x7e413000-0x7fffffff]
Jul 23 23:44:52 armin-Standard-PC-Q35-ICH9-2009 kernel: [    0.919783] e820: reserve RAM buffer [mem 0x7ecc3018-0x7fffffff]
Jul 23 23:44:52 armin-Standard-PC-Q35-ICH9-2009 kernel: [    0.919790] e820: reserve RAM buffer [mem 0x7f8ef000-0x7fffffff]
Jul 23 23:44:52 armin-Standard-PC-Q35-ICH9-2009 kernel: [    0.919794] e820: reserve RAM buffer [mem 0x7fb74000-0x7fffffff]
Jul 23 23:44:52 armin-Standard-PC-Q35-ICH9-2009 kernel: [    0.919799] e820: reserve RAM buffer [mem 0x7ff7c000-0x7fffffff]
Jul 23 23:44:52 armin-Standard-PC-Q35-ICH9-2009 kernel: [    0.928895] NetLabel: Initializing
Jul 23 23:44:52 armin-Standard-PC-Q35-ICH9-2009 kernel: [    0.928904] NetLabel:  domain hash size = 128
Jul 23 23:44:52 armin-Standard-PC-Q35-ICH9-2009 kernel: [    0.928909] NetLabel:  protocols = UNLABELED CIPSOv4 CALIPSO
Jul 23 23:44:52 armin-Standard-PC-Q35-ICH9-2009 kernel: [    0.930431] NetLabel:  unlabeled traffic allowed by default
Jul 23 23:44:52 armin-Standard-PC-Q35-ICH9-2009 kernel: [    0.932925] hpet: 3 channels of 0 reserved for per-cpu timers
Jul 23 23:44:52 armin-Standard-PC-Q35-ICH9-2009 kernel: [    0.933458] hpet0: at MMIO 0xfed00000, IRQs 2, 8, 0
Jul 23 23:44:52 armin-Standard-PC-Q35-ICH9-2009 kernel: [    0.933511] hpet0: 3 comparators, 64-bit 100.000000 MHz counter
Jul 23 23:44:52 armin-Standard-PC-Q35-ICH9-2009 kernel: [    0.937651] clocksource: Switched to clocksource hpet
Jul 23 23:44:52 armin-Standard-PC-Q35-ICH9-2009 kernel: [    1.029205] *** VALIDATE bpf ***
Jul 23 23:44:52 armin-Standard-PC-Q35-ICH9-2009 kernel: [    1.030316] VFS: Disk quotas dquot_6.6.0
Jul 23 23:44:52 armin-Standard-PC-Q35-ICH9-2009 kernel: [    1.030446] VFS: Dquot-cache hash table entries: 512 (order 0, 4096 bytes)
Jul 23 23:44:52 armin-Standard-PC-Q35-ICH9-2009 kernel: [    1.031381] *** VALIDATE ramfs ***
Jul 23 23:44:52 armin-Standard-PC-Q35-ICH9-2009 kernel: [    1.031438] *** VALIDATE hugetlbfs ***
Jul 23 23:44:52 armin-Standard-PC-Q35-ICH9-2009 kernel: [    1.033024] AppArmor: AppArmor Filesystem Enabled
Jul 23 23:44:52 armin-Standard-PC-Q35-ICH9-2009 kernel: [    1.033561] pnp: PnP ACPI init
Jul 23 23:44:52 armin-Standard-PC-Q35-ICH9-2009 kernel: [    1.035157] pnp 00:00: Plug and Play ACPI device, IDs PNP0b00 (active)
Jul 23 23:44:52 armin-Standard-PC-Q35-ICH9-2009 kernel: [    1.035802] system 00:01: [mem 0xb0000000-0xbfffffff window] has been reserved
Jul 23 23:44:52 armin-Standard-PC-Q35-ICH9-2009 kernel: [    1.035868] system 00:01: Plug and Play ACPI device, IDs PNP0c01 (active)
Jul 23 23:44:52 armin-Standard-PC-Q35-ICH9-2009 kernel: [    1.038040] pnp: PnP ACPI: found 2 devices
Jul 23 23:44:52 armin-Standard-PC-Q35-ICH9-2009 kernel: [    1.052242] thermal_sys: Registered thermal governor 'fair_share'
Jul 23 23:44:52 armin-Standard-PC-Q35-ICH9-2009 kernel: [    1.052265] thermal_sys: Registered thermal governor 'bang_bang'
Jul 23 23:44:52 armin-Standard-PC-Q35-ICH9-2009 kernel: [    1.052281] thermal_sys: Registered thermal governor 'step_wise'
Jul 23 23:44:52 armin-Standard-PC-Q35-ICH9-2009 kernel: [    1.052284] thermal_sys: Registered thermal governor 'user_space'
Jul 23 23:44:52 armin-Standard-PC-Q35-ICH9-2009 kernel: [    1.052288] thermal_sys: Registered thermal governor 'power_allocator'
Jul 23 23:44:52 armin-Standard-PC-Q35-ICH9-2009 kernel: [    1.059931] clocksource: acpi_pm: mask: 0xffffff max_cycles: 0xffffff, max_idle_ns: 2085701024 ns
Jul 23 23:44:52 armin-Standard-PC-Q35-ICH9-2009 kernel: [    1.060849] pci 0000:00:01.0: can't claim BAR 6 [mem 0xfffc0000-0xffffffff pref]: no compatible bridge window
Jul 23 23:44:52 armin-Standard-PC-Q35-ICH9-2009 kernel: [    1.062403] pci 0000:00:01.0: BAR 6: assigned [mem 0x80000000-0x8003ffff pref]
Jul 23 23:44:52 armin-Standard-PC-Q35-ICH9-2009 kernel: [    1.062937] pci_bus 0000:00: resource 4 [io  0x0000-0x0cf7 window]
Jul 23 23:44:52 armin-Standard-PC-Q35-ICH9-2009 kernel: [    1.062951] pci_bus 0000:00: resource 5 [io  0x0d00-0xffff window]
Jul 23 23:44:52 armin-Standard-PC-Q35-ICH9-2009 kernel: [    1.062958] pci_bus 0000:00: resource 6 [mem 0x000a0000-0x000bffff window]
Jul 23 23:44:52 armin-Standard-PC-Q35-ICH9-2009 kernel: [    1.062965] pci_bus 0000:00: resource 7 [mem 0x80000000-0xafffffff window]
Jul 23 23:44:52 armin-Standard-PC-Q35-ICH9-2009 kernel: [    1.062971] pci_bus 0000:00: resource 8 [mem 0xc0000000-0xfebfffff window]
Jul 23 23:44:52 armin-Standard-PC-Q35-ICH9-2009 kernel: [    1.062978] pci_bus 0000:00: resource 9 [mem 0x800000000-0xfffffffff window]
Jul 23 23:44:52 armin-Standard-PC-Q35-ICH9-2009 kernel: [    1.064173] NET: Registered protocol family 2
Jul 23 23:44:52 armin-Standard-PC-Q35-ICH9-2009 kernel: [    1.065070] IP idents hash table entries: 65536 (order: 7, 524288 bytes, linear)
Jul 23 23:44:52 armin-Standard-PC-Q35-ICH9-2009 kernel: [    1.074548] tcp_listen_portaddr_hash hash table entries: 2048 (order: 3, 32768 bytes, linear)
Jul 23 23:44:52 armin-Standard-PC-Q35-ICH9-2009 kernel: [    1.075059] TCP established hash table entries: 32768 (order: 6, 262144 bytes, linear)
Jul 23 23:44:52 armin-Standard-PC-Q35-ICH9-2009 kernel: [    1.075651] TCP bind hash table entries: 32768 (order: 7, 524288 bytes, linear)
Jul 23 23:44:52 armin-Standard-PC-Q35-ICH9-2009 kernel: [    1.076054] TCP: Hash tables configured (established 32768 bind 32768)
Jul 23 23:44:52 armin-Standard-PC-Q35-ICH9-2009 kernel: [    1.078812] UDP hash table entries: 2048 (order: 4, 65536 bytes, linear)
Jul 23 23:44:52 armin-Standard-PC-Q35-ICH9-2009 kernel: [    1.078996] UDP-Lite hash table entries: 2048 (order: 4, 65536 bytes, linear)
Jul 23 23:44:52 armin-Standard-PC-Q35-ICH9-2009 kernel: [    1.080316] NET: Registered protocol family 1
Jul 23 23:44:52 armin-Standard-PC-Q35-ICH9-2009 kernel: [    1.080625] NET: Registered protocol family 44
Jul 23 23:44:52 armin-Standard-PC-Q35-ICH9-2009 kernel: [    1.086715] PCI Interrupt Link [GSIE] enabled at IRQ 20
Jul 23 23:44:52 armin-Standard-PC-Q35-ICH9-2009 kernel: [    1.093086] PCI Interrupt Link [GSIA] enabled at IRQ 16
Jul 23 23:44:52 armin-Standard-PC-Q35-ICH9-2009 kernel: [    1.097796] PCI Interrupt Link [GSIB] enabled at IRQ 17
Jul 23 23:44:52 armin-Standard-PC-Q35-ICH9-2009 kernel: [    1.102180] PCI Interrupt Link [GSIC] enabled at IRQ 18
Jul 23 23:44:52 armin-Standard-PC-Q35-ICH9-2009 kernel: [    1.106668] PCI Interrupt Link [GSID] enabled at IRQ 19
Jul 23 23:44:52 armin-Standard-PC-Q35-ICH9-2009 kernel: [    1.109125] PCI: CLS 0 bytes, default 64
Jul 23 23:44:52 armin-Standard-PC-Q35-ICH9-2009 kernel: [    1.111846] Trying to unpack rootfs image as initramfs...
Jul 23 23:44:52 armin-Standard-PC-Q35-ICH9-2009 kernel: [    2.433563] Freeing initrd memory: 43272K
Jul 23 23:44:52 armin-Standard-PC-Q35-ICH9-2009 kernel: [    2.433720] PCI-DMA: Using software bounce buffering for IO (SWIOTLB)
Jul 23 23:44:52 armin-Standard-PC-Q35-ICH9-2009 kernel: [    2.433764] software IO TLB: mapped [mem 0x77fbe000-0x7bfbe000] (64MB)
Jul 23 23:44:52 armin-Standard-PC-Q35-ICH9-2009 kernel: [    2.434857] check: Scanning for low memory corruption every 60 seconds
Jul 23 23:44:52 armin-Standard-PC-Q35-ICH9-2009 kernel: [    2.438421] Initialise system trusted keyrings
Jul 23 23:44:52 armin-Standard-PC-Q35-ICH9-2009 kernel: [    2.439503] Key type blacklist registered
Jul 23 23:44:52 armin-Standard-PC-Q35-ICH9-2009 kernel: [    2.440062] workingset: timestamp_bits=36 max_order=20 bucket_order=0
Jul 23 23:44:52 armin-Standard-PC-Q35-ICH9-2009 kernel: [    2.450207] zbud: loaded
Jul 23 23:44:52 armin-Standard-PC-Q35-ICH9-2009 kernel: [    2.453231] squashfs: version 4.0 (2009/01/31) Phillip Lougher
Jul 23 23:44:52 armin-Standard-PC-Q35-ICH9-2009 kernel: [    2.455080] fuse: init (API version 7.31)
Jul 23 23:44:52 armin-Standard-PC-Q35-ICH9-2009 kernel: [    2.455246] *** VALIDATE fuse ***
Jul 23 23:44:52 armin-Standard-PC-Q35-ICH9-2009 kernel: [    2.455261] *** VALIDATE fuse ***
Jul 23 23:44:52 armin-Standard-PC-Q35-ICH9-2009 kernel: [    2.456570] Platform Keyring initialized
Jul 23 23:44:52 armin-Standard-PC-Q35-ICH9-2009 kernel: [    2.461513] jitterentropy: Initialization failed with host not compliant with requirements: 2
Jul 23 23:44:52 armin-Standard-PC-Q35-ICH9-2009 kernel: [    2.461529] Key type asymmetric registered
Jul 23 23:44:52 armin-Standard-PC-Q35-ICH9-2009 kernel: [    2.461564] Asymmetric key parser 'x509' registered
Jul 23 23:44:52 armin-Standard-PC-Q35-ICH9-2009 kernel: [    2.461717] Block layer SCSI generic (bsg) driver version 0.4 loaded (major 244)
Jul 23 23:44:52 armin-Standard-PC-Q35-ICH9-2009 kernel: [    2.462200] io scheduler mq-deadline registered
Jul 23 23:44:52 armin-Standard-PC-Q35-ICH9-2009 kernel: [    2.463816] shpchp: Standard Hot Plug PCI Controller Driver version: 0.4
Jul 23 23:44:52 armin-Standard-PC-Q35-ICH9-2009 kernel: [    2.466228] input: Power Button as /devices/LNXSYSTM:00/LNXPWRBN:00/input/input0
Jul 23 23:44:52 armin-Standard-PC-Q35-ICH9-2009 kernel: [    2.468121] ACPI: Power Button [PWRF]
Jul 23 23:44:52 armin-Standard-PC-Q35-ICH9-2009 kernel: [    2.472513] PCI Interrupt Link [GSIG] enabled at IRQ 22
Jul 23 23:44:52 armin-Standard-PC-Q35-ICH9-2009 kernel: [    2.475898] PCI Interrupt Link [GSIF] enabled at IRQ 21
Jul 23 23:44:52 armin-Standard-PC-Q35-ICH9-2009 kernel: [    2.479287] Serial: 8250/16550 driver, 32 ports, IRQ sharing enabled
Jul 23 23:44:52 armin-Standard-PC-Q35-ICH9-2009 kernel: [    2.499362] Linux agpgart interface v0.103
Jul 23 23:44:52 armin-Standard-PC-Q35-ICH9-2009 kernel: [    2.637684] loop: module loaded
Jul 23 23:44:52 armin-Standard-PC-Q35-ICH9-2009 kernel: [    2.643571] tun: Universal TUN/TAP device driver, 1.6
Jul 23 23:44:52 armin-Standard-PC-Q35-ICH9-2009 kernel: [    2.644480] PPP generic driver version 2.4.2
Jul 23 23:44:52 armin-Standard-PC-Q35-ICH9-2009 kernel: [    2.645832] VFIO - User Level meta-driver version: 0.3
Jul 23 23:44:52 armin-Standard-PC-Q35-ICH9-2009 kernel: [    2.647389] ehci_hcd: USB 2.0 'Enhanced' Host Controller (EHCI) Driver
Jul 23 23:44:52 armin-Standard-PC-Q35-ICH9-2009 kernel: [    2.647475] ehci-pci: EHCI PCI platform driver
Jul 23 23:44:52 armin-Standard-PC-Q35-ICH9-2009 kernel: [    2.653634] ehci-pci 0000:00:1d.7: EHCI Host Controller
Jul 23 23:44:52 armin-Standard-PC-Q35-ICH9-2009 kernel: [    2.654220] ehci-pci 0000:00:1d.7: new USB bus registered, assigned bus number 1
Jul 23 23:44:52 armin-Standard-PC-Q35-ICH9-2009 kernel: [    2.657383] ehci-pci 0000:00:1d.7: irq 19, io mem 0xc0065000
Jul 23 23:44:52 armin-Standard-PC-Q35-ICH9-2009 kernel: [    2.673926] ehci-pci 0000:00:1d.7: USB 2.0 started, EHCI 1.00
Jul 23 23:44:52 armin-Standard-PC-Q35-ICH9-2009 kernel: [    2.678687] usb usb1: New USB device found, idVendor=1d6b, idProduct=0002, bcdDevice= 5.04
Jul 23 23:44:52 armin-Standard-PC-Q35-ICH9-2009 kernel: [    2.678710] usb usb1: New USB device strings: Mfr=3, Product=2, SerialNumber=1
Jul 23 23:44:52 armin-Standard-PC-Q35-ICH9-2009 kernel: [    2.678731] usb usb1: Product: EHCI Host Controller
Jul 23 23:44:52 armin-Standard-PC-Q35-ICH9-2009 kernel: [    2.678755] usb usb1: Manufacturer: Linux 5.4.0-150-generic ehci_hcd
Jul 23 23:44:52 armin-Standard-PC-Q35-ICH9-2009 kernel: [    2.678785] usb usb1: SerialNumber: 0000:00:1d.7
Jul 23 23:44:52 armin-Standard-PC-Q35-ICH9-2009 kernel: [    2.682114] hub 1-0:1.0: USB hub found
Jul 23 23:44:52 armin-Standard-PC-Q35-ICH9-2009 kernel: [    2.682671] hub 1-0:1.0: 6 ports detected
Jul 23 23:44:52 armin-Standard-PC-Q35-ICH9-2009 kernel: [    2.686466] ehci-platform: EHCI generic platform driver
Jul 23 23:44:52 armin-Standard-PC-Q35-ICH9-2009 kernel: [    2.686568] ohci_hcd: USB 1.1 'Open' Host Controller (OHCI) Driver
Jul 23 23:44:52 armin-Standard-PC-Q35-ICH9-2009 kernel: [    2.686622] ohci-pci: OHCI PCI platform driver
Jul 23 23:44:52 armin-Standard-PC-Q35-ICH9-2009 kernel: [    2.686766] ohci-platform: OHCI generic platform driver
Jul 23 23:44:52 armin-Standard-PC-Q35-ICH9-2009 kernel: [    2.686848] uhci_hcd: USB Universal Host Controller Interface driver
Jul 23 23:44:52 armin-Standard-PC-Q35-ICH9-2009 kernel: [    2.691095] uhci_hcd 0000:00:1d.0: UHCI Host Controller
Jul 23 23:44:52 armin-Standard-PC-Q35-ICH9-2009 kernel: [    2.691164] uhci_hcd 0000:00:1d.0: new USB bus registered, assigned bus number 2
Jul 23 23:44:52 armin-Standard-PC-Q35-ICH9-2009 kernel: [    2.691305] uhci_hcd 0000:00:1d.0: detected 2 ports
Jul 23 23:44:52 armin-Standard-PC-Q35-ICH9-2009 kernel: [    2.691677] uhci_hcd 0000:00:1d.0: irq 16, io base 0x00006120
Jul 23 23:44:52 armin-Standard-PC-Q35-ICH9-2009 kernel: [    2.692664] usb usb2: New USB device found, idVendor=1d6b, idProduct=0001, bcdDevice= 5.04
Jul 23 23:44:52 armin-Standard-PC-Q35-ICH9-2009 kernel: [    2.692677] usb usb2: New USB device strings: Mfr=3, Product=2, SerialNumber=1
Jul 23 23:44:52 armin-Standard-PC-Q35-ICH9-2009 kernel: [    2.692686] usb usb2: Product: UHCI Host Controller
Jul 23 23:44:52 armin-Standard-PC-Q35-ICH9-2009 kernel: [    2.692696] usb usb2: Manufacturer: Linux 5.4.0-150-generic uhci_hcd
Jul 23 23:44:52 armin-Standard-PC-Q35-ICH9-2009 kernel: [    2.692705] usb usb2: SerialNumber: 0000:00:1d.0
Jul 23 23:44:52 armin-Standard-PC-Q35-ICH9-2009 kernel: [    2.694094] hub 2-0:1.0: USB hub found
Jul 23 23:44:52 armin-Standard-PC-Q35-ICH9-2009 kernel: [    2.694280] hub 2-0:1.0: 2 ports detected
Jul 23 23:44:52 armin-Standard-PC-Q35-ICH9-2009 kernel: [    2.699878] uhci_hcd 0000:00:1d.1: UHCI Host Controller
Jul 23 23:44:52 armin-Standard-PC-Q35-ICH9-2009 kernel: [    2.700033] uhci_hcd 0000:00:1d.1: new USB bus registered, assigned bus number 3
Jul 23 23:44:52 armin-Standard-PC-Q35-ICH9-2009 kernel: [    2.700076] uhci_hcd 0000:00:1d.1: detected 2 ports
Jul 23 23:44:52 armin-Standard-PC-Q35-ICH9-2009 kernel: [    2.700367] uhci_hcd 0000:00:1d.1: irq 17, io base 0x00006100
Jul 23 23:44:52 armin-Standard-PC-Q35-ICH9-2009 kernel: [    2.700793] usb usb3: New USB device found, idVendor=1d6b, idProduct=0001, bcdDevice= 5.04
Jul 23 23:44:52 armin-Standard-PC-Q35-ICH9-2009 kernel: [    2.700803] usb usb3: New USB device strings: Mfr=3, Product=2, SerialNumber=1
Jul 23 23:44:52 armin-Standard-PC-Q35-ICH9-2009 kernel: [    2.700811] usb usb3: Product: UHCI Host Controller
Jul 23 23:44:52 armin-Standard-PC-Q35-ICH9-2009 kernel: [    2.700819] usb usb3: Manufacturer: Linux 5.4.0-150-generic uhci_hcd
Jul 23 23:44:52 armin-Standard-PC-Q35-ICH9-2009 kernel: [    2.700826] usb usb3: SerialNumber: 0000:00:1d.1
Jul 23 23:44:52 armin-Standard-PC-Q35-ICH9-2009 kernel: [    2.702899] hub 3-0:1.0: USB hub found
Jul 23 23:44:52 armin-Standard-PC-Q35-ICH9-2009 kernel: [    2.702974] hub 3-0:1.0: 2 ports detected
Jul 23 23:44:52 armin-Standard-PC-Q35-ICH9-2009 kernel: [    2.712346] uhci_hcd 0000:00:1d.2: UHCI Host Controller
Jul 23 23:44:52 armin-Standard-PC-Q35-ICH9-2009 kernel: [    2.712405] uhci_hcd 0000:00:1d.2: new USB bus registered, assigned bus number 4
Jul 23 23:44:52 armin-Standard-PC-Q35-ICH9-2009 kernel: [    2.712444] uhci_hcd 0000:00:1d.2: detected 2 ports
Jul 23 23:44:52 armin-Standard-PC-Q35-ICH9-2009 kernel: [    2.712649] uhci_hcd 0000:00:1d.2: irq 18, io base 0x000060e0
Jul 23 23:44:52 armin-Standard-PC-Q35-ICH9-2009 kernel: [    2.712808] usb usb4: New USB device found, idVendor=1d6b, idProduct=0001, bcdDevice= 5.04
Jul 23 23:44:52 armin-Standard-PC-Q35-ICH9-2009 kernel: [    2.712808] usb usb4: New USB device strings: Mfr=3, Product=2, SerialNumber=1
Jul 23 23:44:52 armin-Standard-PC-Q35-ICH9-2009 kernel: [    2.712808] usb usb4: Product: UHCI Host Controller
Jul 23 23:44:52 armin-Standard-PC-Q35-ICH9-2009 kernel: [    2.712808] usb usb4: Manufacturer: Linux 5.4.0-150-generic uhci_hcd
Jul 23 23:44:52 armin-Standard-PC-Q35-ICH9-2009 kernel: [    2.712808] usb usb4: SerialNumber: 0000:00:1d.2
Jul 23 23:44:52 armin-Standard-PC-Q35-ICH9-2009 kernel: [    2.714175] hub 4-0:1.0: USB hub found
Jul 23 23:44:52 armin-Standard-PC-Q35-ICH9-2009 kernel: [    2.714214] hub 4-0:1.0: 2 ports detected
Jul 23 23:44:52 armin-Standard-PC-Q35-ICH9-2009 kernel: [    2.718796] xhci_hcd 0000:00:04.0: xHCI Host Controller
Jul 23 23:44:52 armin-Standard-PC-Q35-ICH9-2009 kernel: [    2.718879] xhci_hcd 0000:00:04.0: new USB bus registered, assigned bus number 5
Jul 23 23:44:52 armin-Standard-PC-Q35-ICH9-2009 kernel: [    2.722636] xhci_hcd 0000:00:04.0: hcc params 0x00080001 hci version 0x100 quirks 0x0000000000000014
Jul 23 23:44:52 armin-Standard-PC-Q35-ICH9-2009 kernel: [    2.725786] xhci_hcd 0000:00:04.0: xHCI Host Controller
Jul 23 23:44:52 armin-Standard-PC-Q35-ICH9-2009 kernel: [    2.725951] xhci_hcd 0000:00:04.0: new USB bus registered, assigned bus number 6
Jul 23 23:44:52 armin-Standard-PC-Q35-ICH9-2009 kernel: [    2.726078] xhci_hcd 0000:00:04.0: Host supports USB 3.0 SuperSpeed
Jul 23 23:44:52 armin-Standard-PC-Q35-ICH9-2009 kernel: [    2.726712] usb usb5: New USB device found, idVendor=1d6b, idProduct=0002, bcdDevice= 5.04
Jul 23 23:44:52 armin-Standard-PC-Q35-ICH9-2009 kernel: [    2.726729] usb usb5: New USB device strings: Mfr=3, Product=2, SerialNumber=1
Jul 23 23:44:52 armin-Standard-PC-Q35-ICH9-2009 kernel: [    2.726737] usb usb5: Product: xHCI Host Controller
Jul 23 23:44:52 armin-Standard-PC-Q35-ICH9-2009 kernel: [    2.726746] usb usb5: Manufacturer: Linux 5.4.0-150-generic xhci-hcd
Jul 23 23:44:52 armin-Standard-PC-Q35-ICH9-2009 kernel: [    2.726753] usb usb5: SerialNumber: 0000:00:04.0
Jul 23 23:44:52 armin-Standard-PC-Q35-ICH9-2009 kernel: [    2.729100] hub 5-0:1.0: USB hub found
Jul 23 23:44:52 armin-Standard-PC-Q35-ICH9-2009 kernel: [    2.729289] hub 5-0:1.0: 4 ports detected
Jul 23 23:44:52 armin-Standard-PC-Q35-ICH9-2009 kernel: [    2.731041] usb usb6: We don't know the algorithms for LPM for this host, disabling LPM.
Jul 23 23:44:52 armin-Standard-PC-Q35-ICH9-2009 kernel: [    2.731286] usb usb6: New USB device found, idVendor=1d6b, idProduct=0003, bcdDevice= 5.04
Jul 23 23:44:52 armin-Standard-PC-Q35-ICH9-2009 kernel: [    2.731293] usb usb6: New USB device strings: Mfr=3, Product=2, SerialNumber=1
Jul 23 23:44:52 armin-Standard-PC-Q35-ICH9-2009 kernel: [    2.731300] usb usb6: Product: xHCI Host Controller
Jul 23 23:44:52 armin-Standard-PC-Q35-ICH9-2009 kernel: [    2.731306] usb usb6: Manufacturer: Linux 5.4.0-150-generic xhci-hcd
Jul 23 23:44:52 armin-Standard-PC-Q35-ICH9-2009 kernel: [    2.731312] usb usb6: SerialNumber: 0000:00:04.0
Jul 23 23:44:52 armin-Standard-PC-Q35-ICH9-2009 kernel: [    2.732020] hub 6-0:1.0: USB hub found
Jul 23 23:44:52 armin-Standard-PC-Q35-ICH9-2009 kernel: [    2.732121] hub 6-0:1.0: 4 ports detected
Jul 23 23:44:52 armin-Standard-PC-Q35-ICH9-2009 kernel: [    2.733476] i8042: PNP: No PS/2 controller found.
Jul 23 23:44:52 armin-Standard-PC-Q35-ICH9-2009 kernel: [    2.734040] mousedev: PS/2 mouse device common for all mice
Jul 23 23:44:52 armin-Standard-PC-Q35-ICH9-2009 kernel: [    2.734966] rtc_cmos 00:00: RTC can wake from S4
Jul 23 23:44:52 armin-Standard-PC-Q35-ICH9-2009 kernel: [    2.738205] rtc_cmos 00:00: registered as rtc0
Jul 23 23:44:52 armin-Standard-PC-Q35-ICH9-2009 kernel: [    2.738728] rtc_cmos 00:00: alarms up to one day, y3k, 242 bytes nvram, hpet irqs
Jul 23 23:44:52 armin-Standard-PC-Q35-ICH9-2009 kernel: [    2.738831] i2c /dev entries driver
Jul 23 23:44:52 armin-Standard-PC-Q35-ICH9-2009 kernel: [    2.739399] device-mapper: uevent: version 1.0.3
Jul 23 23:44:52 armin-Standard-PC-Q35-ICH9-2009 kernel: [    2.740498] device-mapper: ioctl: 4.41.0-ioctl (2019-09-16) initialised: dm-devel@redhat.com
Jul 23 23:44:52 armin-Standard-PC-Q35-ICH9-2009 kernel: [    2.740792] platform eisa.0: Probing EISA bus 0
Jul 23 23:44:52 armin-Standard-PC-Q35-ICH9-2009 kernel: [    2.740907] platform eisa.0: EISA: Cannot allocate resource for mainboard
Jul 23 23:44:52 armin-Standard-PC-Q35-ICH9-2009 kernel: [    2.740975] platform eisa.0: Cannot allocate resource for EISA slot 1
Jul 23 23:44:52 armin-Standard-PC-Q35-ICH9-2009 kernel: [    2.740995] platform eisa.0: Cannot allocate resource for EISA slot 2
Jul 23 23:44:52 armin-Standard-PC-Q35-ICH9-2009 kernel: [    2.741002] platform eisa.0: Cannot allocate resource for EISA slot 3
Jul 23 23:44:52 armin-Standard-PC-Q35-ICH9-2009 kernel: [    2.741008] platform eisa.0: Cannot allocate resource for EISA slot 4
Jul 23 23:44:52 armin-Standard-PC-Q35-ICH9-2009 kernel: [    2.741014] platform eisa.0: Cannot allocate resource for EISA slot 5
Jul 23 23:44:52 armin-Standard-PC-Q35-ICH9-2009 kernel: [    2.741021] platform eisa.0: Cannot allocate resource for EISA slot 6
Jul 23 23:44:52 armin-Standard-PC-Q35-ICH9-2009 kernel: [    2.741027] platform eisa.0: Cannot allocate resource for EISA slot 7
Jul 23 23:44:52 armin-Standard-PC-Q35-ICH9-2009 kernel: [    2.741033] platform eisa.0: Cannot allocate resource for EISA slot 8
Jul 23 23:44:52 armin-Standard-PC-Q35-ICH9-2009 kernel: [    2.741047] platform eisa.0: EISA: Detected 0 cards
Jul 23 23:44:52 armin-Standard-PC-Q35-ICH9-2009 kernel: [    2.741728] ledtrig-cpu: registered to indicate activity on CPUs
Jul 23 23:44:52 armin-Standard-PC-Q35-ICH9-2009 kernel: [    2.741806] EFI Variables Facility v0.08 2004-May-17
Jul 23 23:44:52 armin-Standard-PC-Q35-ICH9-2009 kernel: [    2.749091] drop_monitor: Initializing network drop monitor service
Jul 23 23:44:52 armin-Standard-PC-Q35-ICH9-2009 kernel: [    2.750627] NET: Registered protocol family 10
Jul 23 23:44:52 armin-Standard-PC-Q35-ICH9-2009 kernel: [    2.878076] Segment Routing with IPv6
Jul 23 23:44:52 armin-Standard-PC-Q35-ICH9-2009 kernel: [    2.878588] NET: Registered protocol family 17
Jul 23 23:44:52 armin-Standard-PC-Q35-ICH9-2009 kernel: [    2.879649] Key type dns_resolver registered
Jul 23 23:44:52 armin-Standard-PC-Q35-ICH9-2009 kernel: [    2.882806] RAS: Correctable Errors collector initialized.
Jul 23 23:44:52 armin-Standard-PC-Q35-ICH9-2009 kernel: [    2.883147] IPI shorthand broadcast: enabled
Jul 23 23:44:52 armin-Standard-PC-Q35-ICH9-2009 kernel: [    2.884044] registered taskstats version 1
Jul 23 23:44:52 armin-Standard-PC-Q35-ICH9-2009 kernel: [    2.884197] Loading compiled-in X.509 certificates
Jul 23 23:44:52 armin-Standard-PC-Q35-ICH9-2009 kernel: [    2.894937] Loaded X.509 cert 'Build time autogenerated kernel key: 1b6f3dadb8f129606217e3a0685f6c1e8ea0c66e'
Jul 23 23:44:52 armin-Standard-PC-Q35-ICH9-2009 kernel: [    2.896303] Loaded X.509 cert 'Canonical Ltd. Live Patch Signing: 14df34d1a87cf37625abec039ef2bf521249b969'
Jul 23 23:44:52 armin-Standard-PC-Q35-ICH9-2009 kernel: [    2.897374] Loaded X.509 cert 'Canonical Ltd. Kernel Module Signing: 88f752e560a1e0737e31163a466ad7b70a850c19'
Jul 23 23:44:52 armin-Standard-PC-Q35-ICH9-2009 kernel: [    2.897404] blacklist: Loading compiled-in revocation X.509 certificates
Jul 23 23:44:52 armin-Standard-PC-Q35-ICH9-2009 kernel: [    2.899231] Loaded X.509 cert 'Canonical Ltd. Secure Boot Signing: 61482aa2830d0ab2ad5af10b7250da9033ddcef0'
Jul 23 23:44:52 armin-Standard-PC-Q35-ICH9-2009 kernel: [    2.899406] Loaded X.509 cert 'Canonical Ltd. Secure Boot Signing (2017): 242ade75ac4a15e50d50c84b0d45ff3eae707a03'
Jul 23 23:44:52 armin-Standard-PC-Q35-ICH9-2009 kernel: [    2.899527] Loaded X.509 cert 'Canonical Ltd. Secure Boot Signing (ESM 2018): 365188c1d374d6b07c3c8f240f8ef722433d6a8b'
Jul 23 23:44:52 armin-Standard-PC-Q35-ICH9-2009 kernel: [    2.899621] Loaded X.509 cert 'Canonical Ltd. Secure Boot Signing (2019): c0746fd6c5da3ae827864651ad66ae47fe24b3e8'
Jul 23 23:44:52 armin-Standard-PC-Q35-ICH9-2009 kernel: [    2.899695] Loaded X.509 cert 'Canonical Ltd. Secure Boot Signing (2021 v1): a8d54bbb3825cfb94fa13c9f8a594a195c107b8d'
Jul 23 23:44:52 armin-Standard-PC-Q35-ICH9-2009 kernel: [    2.899767] Loaded X.509 cert 'Canonical Ltd. Secure Boot Signing (2021 v2): 4cf046892d6fd3c9a5b03f98d845f90851dc6a8c'
Jul 23 23:44:52 armin-Standard-PC-Q35-ICH9-2009 kernel: [    2.899837] Loaded X.509 cert 'Canonical Ltd. Secure Boot Signing (2021 v3): 100437bb6de6e469b581e61cd66bce3ef4ed53af'
Jul 23 23:44:52 armin-Standard-PC-Q35-ICH9-2009 kernel: [    2.899930] Loaded X.509 cert 'Canonical Ltd. Secure Boot Signing (Ubuntu Core 2019): c1d57b8f6b743f23ee41f4f7ee292f06eecadfb9'
Jul 23 23:44:52 armin-Standard-PC-Q35-ICH9-2009 kernel: [    2.900622] zswap: loaded using pool lzo/zbud
Jul 23 23:44:52 armin-Standard-PC-Q35-ICH9-2009 kernel: [    2.901628] Key type ._fscrypt registered
Jul 23 23:44:52 armin-Standard-PC-Q35-ICH9-2009 kernel: [    2.901645] Key type .fscrypt registered
Jul 23 23:44:52 armin-Standard-PC-Q35-ICH9-2009 kernel: [    2.936160] Key type big_key registered
Jul 23 23:44:52 armin-Standard-PC-Q35-ICH9-2009 kernel: [    2.946731] usb 1-1: new high-speed USB device number 2 using ehci-pci
Jul 23 23:44:52 armin-Standard-PC-Q35-ICH9-2009 kernel: [    2.956763] Key type encrypted registered
Jul 23 23:44:52 armin-Standard-PC-Q35-ICH9-2009 kernel: [    2.956839] AppArmor: AppArmor sha1 policy hashing enabled
Jul 23 23:44:52 armin-Standard-PC-Q35-ICH9-2009 kernel: [    2.959977] integrity: Loading X.509 certificate: UEFI:MokListRT (MOKvar table)
Jul 23 23:44:52 armin-Standard-PC-Q35-ICH9-2009 kernel: [    2.962192] integrity: Loaded X.509 cert 'Canonical Ltd. Master Certificate Authority: ad91990bc22ab1f517048c23b6655a268e345a63'
Jul 23 23:44:52 armin-Standard-PC-Q35-ICH9-2009 kernel: [    2.962554] ima: No TPM chip found, activating TPM-bypass!
Jul 23 23:44:52 armin-Standard-PC-Q35-ICH9-2009 kernel: [    2.962658] ima: Allocated hash algorithm: sha1
Jul 23 23:44:52 armin-Standard-PC-Q35-ICH9-2009 kernel: [    2.964036] ima: No architecture policies found
Jul 23 23:44:52 armin-Standard-PC-Q35-ICH9-2009 kernel: [    2.964323] evm: Initialising EVM extended attributes:
Jul 23 23:44:52 armin-Standard-PC-Q35-ICH9-2009 kernel: [    2.964331] evm: security.selinux
Jul 23 23:44:52 armin-Standard-PC-Q35-ICH9-2009 kernel: [    2.964340] evm: security.SMACK64
Jul 23 23:44:52 armin-Standard-PC-Q35-ICH9-2009 kernel: [    2.964343] evm: security.SMACK64EXEC
Jul 23 23:44:52 armin-Standard-PC-Q35-ICH9-2009 kernel: [    2.964346] evm: security.SMACK64TRANSMUTE
Jul 23 23:44:52 armin-Standard-PC-Q35-ICH9-2009 kernel: [    2.964348] evm: security.SMACK64MMAP
Jul 23 23:44:52 armin-Standard-PC-Q35-ICH9-2009 kernel: [    2.964351] evm: security.apparmor
Jul 23 23:44:52 armin-Standard-PC-Q35-ICH9-2009 kernel: [    2.964354] evm: security.ima
Jul 23 23:44:52 armin-Standard-PC-Q35-ICH9-2009 kernel: [    2.964356] evm: security.capability
Jul 23 23:44:52 armin-Standard-PC-Q35-ICH9-2009 kernel: [    2.964365] evm: HMAC attrs: 0x1
Jul 23 23:44:52 armin-Standard-PC-Q35-ICH9-2009 kernel: [    2.967284] PM:   Magic number: 15:647:753
Jul 23 23:44:52 armin-Standard-PC-Q35-ICH9-2009 kernel: [    2.967505] tty ttyS4: hash matches
Jul 23 23:44:52 armin-Standard-PC-Q35-ICH9-2009 kernel: [    2.968481] rtc_cmos 00:00: setting system clock to 2023-07-23T21:44:29 UTC (1690148669)
Jul 23 23:44:52 armin-Standard-PC-Q35-ICH9-2009 kernel: [    2.971422] powernow_k8: Power state transitions not supported
Jul 23 23:44:52 armin-Standard-PC-Q35-ICH9-2009 kernel: [    2.971538] powernow_k8: Power state transitions not supported
Jul 23 23:44:52 armin-Standard-PC-Q35-ICH9-2009 kernel: [    2.971582] powernow_k8: Power state transitions not supported
Jul 23 23:44:52 armin-Standard-PC-Q35-ICH9-2009 kernel: [    2.971602] powernow_k8: Power state transitions not supported
Jul 23 23:44:52 armin-Standard-PC-Q35-ICH9-2009 kernel: [    2.972466] Unstable clock detected, switching default tracing clock to "global"
Jul 23 23:44:52 armin-Standard-PC-Q35-ICH9-2009 kernel: [    2.972466] If you want to keep using the local clock, then add:
Jul 23 23:44:52 armin-Standard-PC-Q35-ICH9-2009 kernel: [    2.972466]   "trace_clock=local"
Jul 23 23:44:52 armin-Standard-PC-Q35-ICH9-2009 kernel: [    2.972466] on the kernel command line
Jul 23 23:44:52 armin-Standard-PC-Q35-ICH9-2009 kernel: [    2.983164] Freeing unused decrypted memory: 2040K
Jul 23 23:44:52 armin-Standard-PC-Q35-ICH9-2009 kernel: [    3.157924] Freeing unused kernel image memory: 2748K
Jul 23 23:44:52 armin-Standard-PC-Q35-ICH9-2009 kernel: [    3.174137] Write protecting the kernel read-only data: 26624k
Jul 23 23:44:52 armin-Standard-PC-Q35-ICH9-2009 kernel: [    3.176813] Freeing unused kernel image memory: 2036K
Jul 23 23:44:52 armin-Standard-PC-Q35-ICH9-2009 kernel: [    3.177744] Freeing unused kernel image memory: 768K
Jul 23 23:44:52 armin-Standard-PC-Q35-ICH9-2009 kernel: [    3.219067] x86/mm: Checked W+X mappings: passed, no W+X pages found.
Jul 23 23:44:52 armin-Standard-PC-Q35-ICH9-2009 kernel: [    3.219192] Run /init as init process
Jul 23 23:44:52 armin-Standard-PC-Q35-ICH9-2009 kernel: [    3.268073] usb 1-1: New USB device found, idVendor=0627, idProduct=0001, bcdDevice= 0.00
Jul 23 23:44:52 armin-Standard-PC-Q35-ICH9-2009 kernel: [    3.268092] usb 1-1: New USB device strings: Mfr=1, Product=3, SerialNumber=10
Jul 23 23:44:52 armin-Standard-PC-Q35-ICH9-2009 kernel: [    3.268100] usb 1-1: Product: QEMU USB Tablet
Jul 23 23:44:52 armin-Standard-PC-Q35-ICH9-2009 kernel: [    3.268107] usb 1-1: Manufacturer: QEMU
Jul 23 23:44:52 armin-Standard-PC-Q35-ICH9-2009 kernel: [    3.268113] usb 1-1: SerialNumber: 28754-0000:00:1d.7-1
Jul 23 23:44:52 armin-Standard-PC-Q35-ICH9-2009 kernel: [    3.402187] usb 1-2: new high-speed USB device number 3 using ehci-pci
Jul 23 23:44:52 armin-Standard-PC-Q35-ICH9-2009 kernel: [    3.633837] usb 1-2: New USB device found, idVendor=0627, idProduct=0001, bcdDevice= 0.00
Jul 23 23:44:52 armin-Standard-PC-Q35-ICH9-2009 kernel: [    3.633856] usb 1-2: New USB device strings: Mfr=1, Product=2, SerialNumber=9
Jul 23 23:44:52 armin-Standard-PC-Q35-ICH9-2009 kernel: [    3.633863] usb 1-2: Product: QEMU USB Mouse
Jul 23 23:44:52 armin-Standard-PC-Q35-ICH9-2009 kernel: [    3.633869] usb 1-2: Manufacturer: QEMU
Jul 23 23:44:52 armin-Standard-PC-Q35-ICH9-2009 kernel: [    3.633876] usb 1-2: SerialNumber: 89126-0000:00:1d.7-2
Jul 23 23:44:52 armin-Standard-PC-Q35-ICH9-2009 kernel: [    3.793602] usb 1-3: new high-speed USB device number 4 using ehci-pci
Jul 23 23:44:52 armin-Standard-PC-Q35-ICH9-2009 kernel: [    4.034144] usb 1-3: New USB device found, idVendor=0627, idProduct=0001, bcdDevice= 0.00
Jul 23 23:44:52 armin-Standard-PC-Q35-ICH9-2009 kernel: [    4.034163] usb 1-3: New USB device strings: Mfr=1, Product=4, SerialNumber=11
Jul 23 23:44:52 armin-Standard-PC-Q35-ICH9-2009 kernel: [    4.034170] usb 1-3: Product: QEMU USB Keyboard
Jul 23 23:44:52 armin-Standard-PC-Q35-ICH9-2009 kernel: [    4.034176] usb 1-3: Manufacturer: QEMU
Jul 23 23:44:52 armin-Standard-PC-Q35-ICH9-2009 kernel: [    4.034182] usb 1-3: SerialNumber: 68284-0000:00:1d.7-3
Jul 23 23:44:52 armin-Standard-PC-Q35-ICH9-2009 kernel: [    4.175249] hidraw: raw HID events driver (C) Jiri Kosina
Jul 23 23:44:52 armin-Standard-PC-Q35-ICH9-2009 kernel: [    4.407079] e1000: Intel(R) PRO/1000 Network Driver - version 7.3.21-k8-NAPI
Jul 23 23:44:52 armin-Standard-PC-Q35-ICH9-2009 kernel: [    4.407096] e1000: Copyright (c) 1999-2006 Intel Corporation.
Jul 23 23:44:52 armin-Standard-PC-Q35-ICH9-2009 kernel: [    4.453929] usbcore: registered new interface driver usbhid
Jul 23 23:44:52 armin-Standard-PC-Q35-ICH9-2009 kernel: [    4.453961] usbhid: USB HID core driver
Jul 23 23:44:52 armin-Standard-PC-Q35-ICH9-2009 kernel: [    4.472427] ahci 0000:00:1f.2: version 3.0
Jul 23 23:44:52 armin-Standard-PC-Q35-ICH9-2009 kernel: [    4.487657] ahci 0000:00:1f.2: AHCI 0001.0000 32 slots 6 ports 1.5 Gbps 0x3f impl SATA mode
Jul 23 23:44:52 armin-Standard-PC-Q35-ICH9-2009 kernel: [    4.487735] ahci 0000:00:1f.2: flags: 64bit ncq only 
Jul 23 23:44:52 armin-Standard-PC-Q35-ICH9-2009 kernel: [    4.513794] scsi host0: ahci
Jul 23 23:44:52 armin-Standard-PC-Q35-ICH9-2009 kernel: [    4.527012] scsi host1: ahci
Jul 23 23:44:52 armin-Standard-PC-Q35-ICH9-2009 kernel: [    4.562331] scsi host2: ahci
Jul 23 23:44:52 armin-Standard-PC-Q35-ICH9-2009 kernel: [    4.596400] scsi host3: ahci
Jul 23 23:44:52 armin-Standard-PC-Q35-ICH9-2009 kernel: [    4.638234] scsi host4: ahci
Jul 23 23:44:52 armin-Standard-PC-Q35-ICH9-2009 kernel: [    4.643738] scsi host5: ahci
Jul 23 23:44:52 armin-Standard-PC-Q35-ICH9-2009 kernel: [    4.664420] ata1: SATA max UDMA/133 abar m4096@0xc0064000 port 0xc0064100 irq 31
Jul 23 23:44:52 armin-Standard-PC-Q35-ICH9-2009 kernel: [    4.664461] ata2: SATA max UDMA/133 abar m4096@0xc0064000 port 0xc0064180 irq 31
Jul 23 23:44:52 armin-Standard-PC-Q35-ICH9-2009 kernel: [    4.664468] ata3: SATA max UDMA/133 abar m4096@0xc0064000 port 0xc0064200 irq 31
Jul 23 23:44:52 armin-Standard-PC-Q35-ICH9-2009 kernel: [    4.664473] ata4: SATA max UDMA/133 abar m4096@0xc0064000 port 0xc0064280 irq 31
Jul 23 23:44:52 armin-Standard-PC-Q35-ICH9-2009 kernel: [    4.664478] ata5: SATA max UDMA/133 abar m4096@0xc0064000 port 0xc0064300 irq 31
Jul 23 23:44:52 armin-Standard-PC-Q35-ICH9-2009 kernel: [    4.664483] ata6: SATA max UDMA/133 abar m4096@0xc0064000 port 0xc0064380 irq 31
Jul 23 23:44:52 armin-Standard-PC-Q35-ICH9-2009 kernel: [    4.987575] ata1: SATA link up 1.5 Gbps (SStatus 113 SControl 300)
Jul 23 23:44:52 armin-Standard-PC-Q35-ICH9-2009 kernel: [    4.996729] ata1.00: ATAPI: QEMU DVD-ROM, 2.5+, max UDMA/100
Jul 23 23:44:52 armin-Standard-PC-Q35-ICH9-2009 kernel: [    4.996836] ata1.00: applying bridge limits
Jul 23 23:44:52 armin-Standard-PC-Q35-ICH9-2009 kernel: [    5.005474] ata2: SATA link up 1.5 Gbps (SStatus 113 SControl 300)
Jul 23 23:44:52 armin-Standard-PC-Q35-ICH9-2009 kernel: [    5.006020] ata2.00: ATA-7: QEMU HARDDISK, 2.5+, max UDMA/100
Jul 23 23:44:52 armin-Standard-PC-Q35-ICH9-2009 kernel: [    5.006042] ata2.00: 62914560 sectors, multi 16: LBA48 NCQ (depth 32)
Jul 23 23:44:52 armin-Standard-PC-Q35-ICH9-2009 kernel: [    5.006111] ata2.00: applying bridge limits
Jul 23 23:44:52 armin-Standard-PC-Q35-ICH9-2009 kernel: [    5.006582] ata2.00: configured for UDMA/100
Jul 23 23:44:52 armin-Standard-PC-Q35-ICH9-2009 kernel: [    5.007200] ata3: SATA link down (SStatus 0 SControl 300)
Jul 23 23:44:52 armin-Standard-PC-Q35-ICH9-2009 kernel: [    5.009996] ata1.00: configured for UDMA/100
Jul 23 23:44:52 armin-Standard-PC-Q35-ICH9-2009 kernel: [    5.010248] ata4: SATA link down (SStatus 0 SControl 300)
Jul 23 23:44:52 armin-Standard-PC-Q35-ICH9-2009 kernel: [    5.027789] ata5: SATA link down (SStatus 0 SControl 300)
Jul 23 23:44:52 armin-Standard-PC-Q35-ICH9-2009 kernel: [    5.031801] scsi 0:0:0:0: CD-ROM            QEMU     QEMU DVD-ROM     2.5+ PQ: 0 ANSI: 5
Jul 23 23:44:52 armin-Standard-PC-Q35-ICH9-2009 kernel: [    5.049806] ata6: SATA link down (SStatus 0 SControl 300)
Jul 23 23:44:52 armin-Standard-PC-Q35-ICH9-2009 kernel: [    5.057778] input: QEMU QEMU USB Tablet as /devices/pci0000:00/0000:00:1d.7/usb1/1-1/1-1:1.0/0003:0627:0001.0001/input/input1
Jul 23 23:44:52 armin-Standard-PC-Q35-ICH9-2009 kernel: [    5.063426] hid-generic 0003:0627:0001.0001: input,hidraw0: USB HID v0.01 Mouse [QEMU QEMU USB Tablet] on usb-0000:00:1d.7-1/input0
Jul 23 23:44:52 armin-Standard-PC-Q35-ICH9-2009 kernel: [    5.064140] input: QEMU QEMU USB Mouse as /devices/pci0000:00/0000:00:1d.7/usb1/1-2/1-2:1.0/0003:0627:0001.0002/input/input2
Jul 23 23:44:52 armin-Standard-PC-Q35-ICH9-2009 kernel: [    5.066451] hid-generic 0003:0627:0001.0002: input,hidraw1: USB HID v0.01 Mouse [QEMU QEMU USB Mouse] on usb-0000:00:1d.7-2/input0
Jul 23 23:44:52 armin-Standard-PC-Q35-ICH9-2009 kernel: [    5.068947] input: QEMU QEMU USB Keyboard as /devices/pci0000:00/0000:00:1d.7/usb1/1-3/1-3:1.0/0003:0627:0001.0003/input/input3
Jul 23 23:44:52 armin-Standard-PC-Q35-ICH9-2009 kernel: [    5.135696] hid-generic 0003:0627:0001.0003: input,hidraw2: USB HID v1.11 Keyboard [QEMU QEMU USB Keyboard] on usb-0000:00:1d.7-3/input0
Jul 23 23:44:52 armin-Standard-PC-Q35-ICH9-2009 kernel: [    5.204071] sr 0:0:0:0: [sr0] scsi3-mmc drive: 4x/4x cd/rw xa/form2 tray
Jul 23 23:44:52 armin-Standard-PC-Q35-ICH9-2009 kernel: [    5.204215] cdrom: Uniform CD-ROM driver Revision: 3.20
Jul 23 23:44:52 armin-Standard-PC-Q35-ICH9-2009 kernel: [    5.341385] sr 0:0:0:0: Attached scsi CD-ROM sr0
Jul 23 23:44:52 armin-Standard-PC-Q35-ICH9-2009 kernel: [    5.343963] sr 0:0:0:0: Attached scsi generic sg0 type 5
Jul 23 23:44:52 armin-Standard-PC-Q35-ICH9-2009 kernel: [    5.346188] scsi 1:0:0:0: Direct-Access     ATA      QEMU HARDDISK    2.5+ PQ: 0 ANSI: 5
Jul 23 23:44:52 armin-Standard-PC-Q35-ICH9-2009 kernel: [    5.350861] sd 1:0:0:0: [sda] 62914560 512-byte logical blocks: (32.2 GB/30.0 GiB)
Jul 23 23:44:52 armin-Standard-PC-Q35-ICH9-2009 kernel: [    5.351443] sd 1:0:0:0: [sda] Write Protect is off
Jul 23 23:44:52 armin-Standard-PC-Q35-ICH9-2009 kernel: [    5.351476] sd 1:0:0:0: [sda] Mode Sense: 00 3a 00 00
Jul 23 23:44:52 armin-Standard-PC-Q35-ICH9-2009 kernel: [    5.351729] sd 1:0:0:0: [sda] Write cache: enabled, read cache: enabled, doesn't support DPO or FUA
Jul 23 23:44:52 armin-Standard-PC-Q35-ICH9-2009 kernel: [    5.352727] sd 1:0:0:0: Attached scsi generic sg1 type 0
Jul 23 23:44:52 armin-Standard-PC-Q35-ICH9-2009 kernel: [    5.367479] e1000 0000:00:01.0 eth0: (PCI:33MHz:32-bit) 3a:b9:db:97:07:79
Jul 23 23:44:52 armin-Standard-PC-Q35-ICH9-2009 kernel: [    5.367631] e1000 0000:00:01.0 eth0: Intel(R) PRO/1000 Network Connection
Jul 23 23:44:52 armin-Standard-PC-Q35-ICH9-2009 kernel: [    5.387561]  sda: sda1 sda2
Jul 23 23:44:52 armin-Standard-PC-Q35-ICH9-2009 kernel: [    5.410867] sd 1:0:0:0: [sda] Attached SCSI disk
Jul 23 23:44:52 armin-Standard-PC-Q35-ICH9-2009 kernel: [    5.512045] e1000 0000:00:01.0 enp0s1: renamed from eth0
Jul 23 23:44:52 armin-Standard-PC-Q35-ICH9-2009 kernel: [    5.905581] raid6: sse2x4   gen()  2881 MB/s
Jul 23 23:44:52 armin-Standard-PC-Q35-ICH9-2009 kernel: [    5.953640] raid6: sse2x4   xor()  1766 MB/s
Jul 23 23:44:52 armin-Standard-PC-Q35-ICH9-2009 kernel: [    6.001933] raid6: sse2x2   gen()  2082 MB/s
Jul 23 23:44:52 armin-Standard-PC-Q35-ICH9-2009 kernel: [    6.050108] raid6: sse2x2   xor()  1217 MB/s
Jul 23 23:44:52 armin-Standard-PC-Q35-ICH9-2009 kernel: [    6.097223] raid6: sse2x1   gen()  1132 MB/s
Jul 23 23:44:52 armin-Standard-PC-Q35-ICH9-2009 kernel: [    6.145403] raid6: sse2x1   xor()   677 MB/s
Jul 23 23:44:52 armin-Standard-PC-Q35-ICH9-2009 kernel: [    6.145421] raid6: using algorithm sse2x4 gen() 2881 MB/s
Jul 23 23:44:52 armin-Standard-PC-Q35-ICH9-2009 kernel: [    6.145444] raid6: .... xor() 1766 MB/s, rmw enabled
Jul 23 23:44:52 armin-Standard-PC-Q35-ICH9-2009 kernel: [    6.145555] raid6: using intx1 recovery algorithm
Jul 23 23:44:52 armin-Standard-PC-Q35-ICH9-2009 kernel: [    6.164767] xor: measuring software checksum speed
Jul 23 23:44:52 armin-Standard-PC-Q35-ICH9-2009 kernel: [    6.201186]    prefetch64-sse:  3659.000 MB/sec
Jul 23 23:44:52 armin-Standard-PC-Q35-ICH9-2009 kernel: [    6.241221]    generic_sse:  2756.000 MB/sec
Jul 23 23:44:52 armin-Standard-PC-Q35-ICH9-2009 kernel: [    6.241248] xor: using function: prefetch64-sse (3659.000 MB/sec)
Jul 23 23:44:52 armin-Standard-PC-Q35-ICH9-2009 kernel: [    6.329204] Btrfs loaded, crc32c=crc32c-generic
Jul 23 23:44:52 armin-Standard-PC-Q35-ICH9-2009 kernel: [    6.622325] fbcon: Taking over console
Jul 23 23:44:52 armin-Standard-PC-Q35-ICH9-2009 kernel: [    7.191773] EXT4-fs (sda2): mounted filesystem with ordered data mode. Opts: (null)
Jul 23 23:44:52 armin-Standard-PC-Q35-ICH9-2009 kernel: [    7.579553] random: crng init done
Jul 23 23:44:52 armin-Standard-PC-Q35-ICH9-2009 kernel: [    8.802501] EXT4-fs (sda2): re-mounted. Opts: errors=remount-ro
Jul 23 23:44:52 armin-Standard-PC-Q35-ICH9-2009 kernel: [    8.989698] RPC: Registered named UNIX socket transport module.
Jul 23 23:44:52 armin-Standard-PC-Q35-ICH9-2009 kernel: [    8.989741] RPC: Registered udp transport module.
Jul 23 23:44:52 armin-Standard-PC-Q35-ICH9-2009 kernel: [    8.989752] RPC: Registered tcp transport module.
Jul 23 23:44:52 armin-Standard-PC-Q35-ICH9-2009 kernel: [    8.989759] RPC: Registered tcp NFSv4.1 backchannel transport module.
Jul 23 23:44:52 armin-Standard-PC-Q35-ICH9-2009 kernel: [    9.277992] lp: driver loaded but no devices found
Jul 23 23:44:52 armin-Standard-PC-Q35-ICH9-2009 kernel: [    9.428095] ppdev: user-space parallel port driver
Jul 23 23:44:52 armin-Standard-PC-Q35-ICH9-2009 kernel: [   10.747293] Adding 1435316k swap on /swapfile.  Priority:-2 extents:5 across:1468084k FS
Jul 23 23:44:52 armin-Standard-PC-Q35-ICH9-2009 kernel: [   13.799943] lpc_ich 0000:00:1f.0: I/O space for GPIO uninitialized
Jul 23 23:44:52 armin-Standard-PC-Q35-ICH9-2009 kernel: [   16.334952] [drm] pci: virtio-gpu-pci detected at 0000:00:02.0
Jul 23 23:44:52 armin-Standard-PC-Q35-ICH9-2009 kernel: [   16.335097] [drm] virgl 3d acceleration enabled
Jul 23 23:44:52 armin-Standard-PC-Q35-ICH9-2009 kernel: [   16.335121] [drm] EDID support available.
Jul 23 23:44:52 armin-Standard-PC-Q35-ICH9-2009 kernel: [   16.354882] [TTM] Zone  kernel: Available graphics memory: 2011128 KiB
Jul 23 23:44:52 armin-Standard-PC-Q35-ICH9-2009 kernel: [   16.357518] [TTM] Initializing pool allocator
Jul 23 23:44:52 armin-Standard-PC-Q35-ICH9-2009 kernel: [   16.359824] [TTM] Initializing DMA pool allocator
Jul 23 23:44:52 armin-Standard-PC-Q35-ICH9-2009 kernel: [   16.360188] [drm] number of scanouts: 1
Jul 23 23:44:52 armin-Standard-PC-Q35-ICH9-2009 kernel: [   16.360201] [drm] number of cap sets: 2
Jul 23 23:44:52 armin-Standard-PC-Q35-ICH9-2009 kernel: [   16.374742] [drm] cap set 0: id 1, max-version 1, max-size 308
Jul 23 23:44:52 armin-Standard-PC-Q35-ICH9-2009 kernel: [   16.377545] [drm] cap set 1: id 2, max-version 2, max-size 1376
Jul 23 23:44:52 armin-Standard-PC-Q35-ICH9-2009 kernel: [   16.393405] [drm] Initialized virtio_gpu 0.1.0 0 for virtio0 on minor 0
Jul 23 23:44:52 armin-Standard-PC-Q35-ICH9-2009 kernel: [   16.507660] Console: switching to colour frame buffer device 160x50
Jul 23 23:44:52 armin-Standard-PC-Q35-ICH9-2009 kernel: [   16.513893] virtio_gpu virtio0: fb0: virtio_gpudrmfb frame buffer device
Jul 23 23:44:52 armin-Standard-PC-Q35-ICH9-2009 kernel: [   16.602423] kvm: Nested Virtualization enabled
Jul 23 23:44:52 armin-Standard-PC-Q35-ICH9-2009 kernel: [   16.859387] MCE: In-kernel MCE decoding enabled.
Jul 23 23:44:52 armin-Standard-PC-Q35-ICH9-2009 kernel: [   18.179605] PCI Interrupt Link [GSIH] enabled at IRQ 23
Jul 23 23:44:52 armin-Standard-PC-Q35-ICH9-2009 kernel: [   18.441824] snd_hda_codec_generic hdaudioC0D0: autoconfig for Generic: line_outs=1 (0x3/0x0/0x0/0x0/0x0) type:line
Jul 23 23:44:52 armin-Standard-PC-Q35-ICH9-2009 kernel: [   18.441855] snd_hda_codec_generic hdaudioC0D0:    speaker_outs=0 (0x0/0x0/0x0/0x0/0x0)
Jul 23 23:44:52 armin-Standard-PC-Q35-ICH9-2009 kernel: [   18.441873] snd_hda_codec_generic hdaudioC0D0:    hp_outs=0 (0x0/0x0/0x0/0x0/0x0)
Jul 23 23:44:52 armin-Standard-PC-Q35-ICH9-2009 kernel: [   18.441885] snd_hda_codec_generic hdaudioC0D0:    mono: mono_out=0x0
Jul 23 23:44:52 armin-Standard-PC-Q35-ICH9-2009 kernel: [   18.441897] snd_hda_codec_generic hdaudioC0D0:    inputs:
Jul 23 23:44:52 armin-Standard-PC-Q35-ICH9-2009 kernel: [   18.441983] snd_hda_codec_generic hdaudioC0D0:      Line=0x5
Jul 23 23:44:52 armin-Standard-PC-Q35-ICH9-2009 kernel: [   22.514153] audit: type=1400 audit(1690148689.036:2): apparmor="STATUS" operation="profile_load" profile="unconfined" name="/usr/lib/snapd/snap-confine" pid=570 comm="apparmor_parser"
Jul 23 23:44:52 armin-Standard-PC-Q35-ICH9-2009 kernel: [   22.514188] audit: type=1400 audit(1690148689.036:3): apparmor="STATUS" operation="profile_load" profile="unconfined" name="/usr/lib/snapd/snap-confine//mount-namespace-capture-helper" pid=570 comm="apparmor_parser"
Jul 23 23:44:52 armin-Standard-PC-Q35-ICH9-2009 kernel: [   22.529398] audit: type=1400 audit(1690148689.052:4): apparmor="STATUS" operation="profile_load" profile="unconfined" name="/usr/bin/man" pid=569 comm="apparmor_parser"
Jul 23 23:44:52 armin-Standard-PC-Q35-ICH9-2009 kernel: [   22.529398] audit: type=1400 audit(1690148689.052:5): apparmor="STATUS" operation="profile_load" profile="unconfined" name="man_filter" pid=569 comm="apparmor_parser"
Jul 23 23:44:52 armin-Standard-PC-Q35-ICH9-2009 kernel: [   22.529398] audit: type=1400 audit(1690148689.052:6): apparmor="STATUS" operation="profile_load" profile="unconfined" name="man_groff" pid=569 comm="apparmor_parser"
Jul 23 23:44:52 armin-Standard-PC-Q35-ICH9-2009 kernel: [   22.632920] audit: type=1400 audit(1690148689.160:7): apparmor="STATUS" operation="profile_load" profile="unconfined" name="/sbin/dhclient" pid=566 comm="apparmor_parser"
Jul 23 23:44:52 armin-Standard-PC-Q35-ICH9-2009 kernel: [   22.632955] audit: type=1400 audit(1690148689.160:8): apparmor="STATUS" operation="profile_load" profile="unconfined" name="/usr/lib/NetworkManager/nm-dhcp-client.action" pid=566 comm="apparmor_parser"
Jul 23 23:44:52 armin-Standard-PC-Q35-ICH9-2009 kernel: [   22.632969] audit: type=1400 audit(1690148689.160:9): apparmor="STATUS" operation="profile_load" profile="unconfined" name="/usr/lib/NetworkManager/nm-dhcp-helper" pid=566 comm="apparmor_parser"
Jul 23 23:44:52 armin-Standard-PC-Q35-ICH9-2009 kernel: [   22.632981] audit: type=1400 audit(1690148689.160:10): apparmor="STATUS" operation="profile_load" profile="unconfined" name="/usr/lib/connman/scripts/dhclient-script" pid=566 comm="apparmor_parser"
Jul 23 23:44:52 armin-Standard-PC-Q35-ICH9-2009 kernel: [   22.647650] audit: type=1400 audit(1690148689.172:11): apparmor="STATUS" operation="profile_load" profile="unconfined" name="/usr/sbin/cups-browsed" pid=571 comm="apparmor_parser"
Jul 23 23:44:56 armin-Standard-PC-Q35-ICH9-2009 kernel: [   30.181660] e1000: enp0s1 NIC Link is Up 1000 Mbps Full Duplex, Flow Control: RX
Jul 23 23:44:56 armin-Standard-PC-Q35-ICH9-2009 kernel: [   30.193889] IPv6: ADDRCONF(NETDEV_CHANGE): enp0s1: link becomes ready
Jul 23 23:52:52 armin-Standard-PC-Q35-ICH9-2009 kernel: [  504.481310] store_message: loading out-of-tree module taints kernel.
Jul 23 23:52:52 armin-Standard-PC-Q35-ICH9-2009 kernel: [  504.487430] store_message: module verification failed: signature and/or required key missing - tainting kernel
Jul 23 23:52:52 armin-Standard-PC-Q35-ICH9-2009 kernel: [  504.492589] Initializing store_message driver...start
Jul 23 23:53:17 armin-Standard-PC-Q35-ICH9-2009 kernel: [  529.882935] store_message: Device opened by userprogram
Jul 23 23:53:17 armin-Standard-PC-Q35-ICH9-2009 kernel: [  529.883012] You called the syscall write
Jul 23 23:54:16 armin-Standard-PC-Q35-ICH9-2009 kernel: [  529.883054] Hello I am in the kernel mode and wrote things to the device.
Jul 23 23:54:16 armin-Standard-PC-Q35-ICH9-2009 kernel: [  588.925062] store_message: Device opened by userprogram
Jul 23 23:54:16 armin-Standard-PC-Q35-ICH9-2009 kernel: [  588.935346] You called the syscall write
Jul 23 23:58:56 armin-Standard-PC-Q35-ICH9-2009 kernel: [  588.935360] Hello I am in the kernel mode and wrote things to the device.
Jul 23 23:58:56 armin-Standard-PC-Q35-ICH9-2009 kernel: [  869.147280] store_message: Device opened by userprogram
Jul 23 23:58:56 armin-Standard-PC-Q35-ICH9-2009 kernel: [  869.153305] You called the syscall write
Jul 24 01:30:04 armin-Standard-PC-Q35-ICH9-2009 kernel: [  869.153315] Hello I am in the kernel mode and wrote things to the device.
Jul 24 01:30:04 armin-Standard-PC-Q35-ICH9-2009 kernel: [ 6336.840076] store_message: Device opened by userprogram
Jul 24 01:30:04 armin-Standard-PC-Q35-ICH9-2009 kernel: [ 6336.852539] You called the syscall write
Jul 24 01:31:32 armin-Standard-PC-Q35-ICH9-2009 kernel: [ 6336.852555] Hello I am in the kernel mode and wrote things to the device.
Jul 24 01:31:32 armin-Standard-PC-Q35-ICH9-2009 kernel: [ 6424.553775] store_message: Device opened by userprogram
Jul 24 01:31:32 armin-Standard-PC-Q35-ICH9-2009 kernel: [ 6424.565480] You called the syscall write
Jul 24 01:34:43 armin-Standard-PC-Q35-ICH9-2009 kernel: [ 6424.565494] Hello I am in the kernel mode and wrote things to the device.
Jul 24 01:34:43 armin-Standard-PC-Q35-ICH9-2009 kernel: [ 6616.077834] store_message: Device opened by userprogram
Jul 24 01:34:43 armin-Standard-PC-Q35-ICH9-2009 kernel: [ 6616.080527] You called the syscall write
Jul 24 01:35:20 armin-Standard-PC-Q35-ICH9-2009 kernel: [ 6616.080537] Hello I am in the kernel mode and wrote things to the device.
Jul 24 01:35:20 armin-Standard-PC-Q35-ICH9-2009 kernel: [ 6653.212824] store_message: Device opened by userprogram
Jul 24 01:35:20 armin-Standard-PC-Q35-ICH9-2009 kernel: [ 6653.223125] You called the syscall write
Jul 24 10:39:19 armin-Standard-PC-Q35-ICH9-2009 kernel: [    0.000000] Linux version 5.4.0-150-generic (buildd@bos03-amd64-012) (gcc version 7.5.0 (Ubuntu 7.5.0-3ubuntu1~18.04)) #167~18.04.1-Ubuntu SMP Wed May 24 00:51:42 UTC 2023 (Ubuntu 5.4.0-150.167~18.04.1-generic 5.4.233)
Jul 24 10:39:19 armin-Standard-PC-Q35-ICH9-2009 kernel: [    0.000000] Command line: BOOT_IMAGE=/boot/vmlinuz-5.4.0-150-generic root=UUID=b102bcfc-9e08-407e-a1c2-77945fef481d ro quiet splash vt.handoff=1
Jul 24 10:39:19 armin-Standard-PC-Q35-ICH9-2009 kernel: [    0.000000] KERNEL supported cpus:
Jul 24 10:39:19 armin-Standard-PC-Q35-ICH9-2009 kernel: [    0.000000]   Intel GenuineIntel
Jul 24 10:39:19 armin-Standard-PC-Q35-ICH9-2009 kernel: [    0.000000]   AMD AuthenticAMD
Jul 24 10:39:19 armin-Standard-PC-Q35-ICH9-2009 kernel: [    0.000000]   Hygon HygonGenuine
Jul 24 10:39:19 armin-Standard-PC-Q35-ICH9-2009 kernel: [    0.000000]   Centaur CentaurHauls
Jul 24 10:39:19 armin-Standard-PC-Q35-ICH9-2009 kernel: [    0.000000]   zhaoxin   Shanghai  
Jul 24 10:39:19 armin-Standard-PC-Q35-ICH9-2009 kernel: [    0.000000] x86/fpu: x87 FPU will use FXSAVE
Jul 24 10:39:19 armin-Standard-PC-Q35-ICH9-2009 kernel: [    0.000000] BIOS-provided physical RAM map:
Jul 24 10:39:19 armin-Standard-PC-Q35-ICH9-2009 kernel: [    0.000000] BIOS-e820: [mem 0x0000000000000000-0x000000000009ffff] usable
Jul 24 10:39:19 armin-Standard-PC-Q35-ICH9-2009 kernel: [    0.000000] BIOS-e820: [mem 0x0000000000100000-0x000000007f8eefff] usable
Jul 24 10:39:19 armin-Standard-PC-Q35-ICH9-2009 kernel: [    0.000000] BIOS-e820: [mem 0x000000007f8ef000-0x000000007faeefff] reserved
Jul 24 10:39:19 armin-Standard-PC-Q35-ICH9-2009 kernel: [    0.000000] BIOS-e820: [mem 0x000000007faef000-0x000000007fb73fff] usable
Jul 24 10:39:19 armin-Standard-PC-Q35-ICH9-2009 kernel: [    0.000000] BIOS-e820: [mem 0x000000007fb74000-0x000000007fb7efff] ACPI data
Jul 24 10:39:19 armin-Standard-PC-Q35-ICH9-2009 kernel: [    0.000000] BIOS-e820: [mem 0x000000007fb7f000-0x000000007fbfefff] ACPI NVS
Jul 24 10:39:19 armin-Standard-PC-Q35-ICH9-2009 kernel: [    0.000000] BIOS-e820: [mem 0x000000007fbff000-0x000000007ff7bfff] usable
Jul 24 10:39:19 armin-Standard-PC-Q35-ICH9-2009 kernel: [    0.000000] BIOS-e820: [mem 0x000000007ff7c000-0x000000007fffffff] reserved
Jul 24 10:39:19 armin-Standard-PC-Q35-ICH9-2009 kernel: [    0.000000] BIOS-e820: [mem 0x00000000b0000000-0x00000000bfffffff] reserved
Jul 24 10:39:19 armin-Standard-PC-Q35-ICH9-2009 kernel: [    0.000000] BIOS-e820: [mem 0x00000000ffc00000-0x00000000ffffffff] reserved
Jul 24 10:39:19 armin-Standard-PC-Q35-ICH9-2009 kernel: [    0.000000] BIOS-e820: [mem 0x0000000100000000-0x000000017fffffff] usable
Jul 24 10:39:19 armin-Standard-PC-Q35-ICH9-2009 kernel: [    0.000000] NX (Execute Disable) protection: active
Jul 24 10:39:19 armin-Standard-PC-Q35-ICH9-2009 kernel: [    0.000000] e820: update [mem 0x7ecc3018-0x7ece9e57] usable ==> usable
Jul 24 10:39:19 armin-Standard-PC-Q35-ICH9-2009 kernel: [    0.000000] e820: update [mem 0x7ecc3018-0x7ece9e57] usable ==> usable
Jul 24 10:39:19 armin-Standard-PC-Q35-ICH9-2009 kernel: [    0.000000] extended physical RAM map:
Jul 24 10:39:19 armin-Standard-PC-Q35-ICH9-2009 kernel: [    0.000000] reserve setup_data: [mem 0x0000000000000000-0x000000000009ffff] usable
Jul 24 10:39:19 armin-Standard-PC-Q35-ICH9-2009 kernel: [    0.000000] reserve setup_data: [mem 0x0000000000100000-0x000000007ecc3017] usable
Jul 24 10:39:19 armin-Standard-PC-Q35-ICH9-2009 kernel: [    0.000000] reserve setup_data: [mem 0x000000007ecc3018-0x000000007ece9e57] usable
Jul 24 10:39:19 armin-Standard-PC-Q35-ICH9-2009 kernel: [    0.000000] reserve setup_data: [mem 0x000000007ece9e58-0x000000007f8eefff] usable
Jul 24 10:39:19 armin-Standard-PC-Q35-ICH9-2009 kernel: [    0.000000] reserve setup_data: [mem 0x000000007f8ef000-0x000000007faeefff] reserved
Jul 24 10:39:19 armin-Standard-PC-Q35-ICH9-2009 kernel: [    0.000000] reserve setup_data: [mem 0x000000007faef000-0x000000007fb73fff] usable
Jul 24 10:39:19 armin-Standard-PC-Q35-ICH9-2009 kernel: [    0.000000] reserve setup_data: [mem 0x000000007fb74000-0x000000007fb7efff] ACPI data
Jul 24 10:39:19 armin-Standard-PC-Q35-ICH9-2009 kernel: [    0.000000] reserve setup_data: [mem 0x000000007fb7f000-0x000000007fbfefff] ACPI NVS
Jul 24 10:39:19 armin-Standard-PC-Q35-ICH9-2009 kernel: [    0.000000] reserve setup_data: [mem 0x000000007fbff000-0x000000007ff7bfff] usable
Jul 24 10:39:19 armin-Standard-PC-Q35-ICH9-2009 kernel: [    0.000000] reserve setup_data: [mem 0x000000007ff7c000-0x000000007fffffff] reserved
Jul 24 10:39:19 armin-Standard-PC-Q35-ICH9-2009 kernel: [    0.000000] reserve setup_data: [mem 0x00000000b0000000-0x00000000bfffffff] reserved
